MPLINK 5.00, LINKER
Linker Map File - Created Thu Apr 07 14:11:06 2022

                                 Section Info
                  Section       Type    Address   Location Size(Bytes)
                ---------  ---------  ---------  ---------  ---------
               _entry_scn       code   0x000000    program   0x000006
           .code___init.o       code   0x000006    program   0x000002
               my_section       code   0x000008    program   0x000006
                   .cinit    romdata   0x00000e    program   0x00000e
             .code_main.o       code   0x00001c    program   0x000822
                     PROG       code   0x00083e    program   0x000360
                   STDLIB       code   0x000b9e    program   0x000134
               _cinit_scn       code   0x000cd2    program   0x00009e
         .code_fxd1616u.o       code   0x000d70    program   0x00002c
                    .code       code   0x000d9c    program   0x000020
             _startup_scn       code   0x000dbc    program   0x00001c
             D100TCYXCODE       code   0x000dd8    program   0x00001c
             .stringtable    romdata   0x000df4    program   0x000007
          .romdata_main.o    romdata   0x000dfb    program   0x000000
          .idata_main.o_i    romdata   0x000dfb    program   0x0000bb
      .romdata_fxd1616u.o    romdata   0x000dfb    program   0x000000
        .romdata___init.o    romdata   0x000dfb    program   0x000000
         .romdata_c018i.o    romdata   0x000dfb    program   0x000000
      .idata_fxd1616u.o_i    romdata   0x000eb6    program   0x000000
        .idata___init.o_i    romdata   0x000eb6    program   0x000000
            .code_c018i.o       code   0x000eb6    program   0x000000
         .idata_c018i.o_i    romdata   0x000eb6    program   0x000000
                MATH_DATA      udata   0x000000       data   0x000014
   rutina_intrerupere_tmp      udata   0x000014       data   0x000006
                 .tmpdata      udata   0x00001a       data   0x000004
                DELAYDAT1      udata   0x00001e       data   0x000001
            .idata_main.o      idata   0x000100       data   0x0000bb
            .udata_main.o      udata   0x0001bb       data   0x000036
           .udata_c018i.o      udata   0x0001f1       data   0x00000a
           .idata_c018i.o      idata   0x0001fb       data   0x000000
        .udata_fxd1616u.o      udata   0x0001fb       data   0x000000
        .idata_fxd1616u.o      idata   0x0001fb       data   0x000000
          .udata___init.o      udata   0x0001fb       data   0x000000
          .idata___init.o      idata   0x0001fb       data   0x000000
                   .stack      udata   0x000300       data   0x000100
            SFR_UNBANKED0      udata   0x000f62       data   0x00009e



                              Program Memory Usage 
                               Start         End      
                           ---------   ---------      
                            0x000000    0x000eb5      
            3766 out of 33048 program addresses used, program memory utilization is 11%



                              Symbols - Sorted by Name
                     Name    Address   Location    Storage File                     
                ---------  ---------  ---------  --------- ---------                
                   D100_1   0x000de6    program     static E:\3.46\pic18-lt\cxx-framework\src\traditional\delays\d100tcyx.asm
                    D100x   0x000de4    program     static E:\3.46\pic18-lt\cxx-framework\src\traditional\delays\d100tcyx.asm
                   D1616S   0x000a0a    program     static E:\3.46\pic18-lt\cxx-framework\src\traditional\math\fxd1616s.asm
                D1616SNEG   0x000a18    program     static E:\3.46\pic18-lt\cxx-framework\src\traditional\math\fxd1616s.asm
                 D1616SOK   0x000a14    program     static E:\3.46\pic18-lt\cxx-framework\src\traditional\math\fxd1616s.asm
                  D1616SX   0x000a2a    program     static E:\3.46\pic18-lt\cxx-framework\src\traditional\math\fxd1616s.asm
                  DA1616S   0x0009fa    program     static E:\3.46\pic18-lt\cxx-framework\src\traditional\math\fxd1616s.asm
             Delay100TCYx   0x000dd8    program     extern E:\3.46\pic18-lt\cxx-framework\src\traditional\delays\d100tcyx.asm
                 FLO1632S   0x000842    program     extern E:\3.46\pic18-lt\cxx-framework\src\traditional\math\cast16FP.asm
                 FLO1632U   0x00083e    program     extern E:\3.46\pic18-lt\cxx-framework\src\traditional\math\cast16FP.asm
                    FPD32   0x000868    program     extern E:\3.46\pic18-lt\cxx-framework\src\traditional\math\divFP.asm
                    FPM32   0x00090e    program     extern E:\3.46\pic18-lt\cxx-framework\src\traditional\math\mulFP.asm
                 FXD1616S   0x0009e8    program     extern E:\3.46\pic18-lt\cxx-framework\src\traditional\math\fxd1616s.asm
                 FXD1616U   0x000d70    program     extern E:\3.46\pic18-lt\cxx-framework\src\traditional\math\fxd1616u.c
                  INT3216   0x000a34    program     extern E:\3.46\pic18-lt\cxx-framework\src\traditional\math\castFP16.asm
              LCD_command   0x000726    program     extern G:\Download\Sisteme_cu_microprocesoare (1)\Sisteme cu microprocesoare\Proiect_final\Proiect_final\main.c
         LCD_write_string   0x000750    program     extern G:\Download\Sisteme_cu_microprocesoare (1)\Sisteme cu microprocesoare\Proiect_final\Proiect_final\main.c
                  OneByte   0x000cc0    program     static E:\3.46\pic18-lt\cxx-framework\src\traditional\stdclib\itobcd.asm
                ProcLower   0x000c74    program     static E:\3.46\pic18-lt\cxx-framework\src\traditional\stdclib\itoa.asm
                ProcUpper   0x000c6a    program     static E:\3.46\pic18-lt\cxx-framework\src\traditional\stdclib\itoa.asm
                 TstLower   0x000c5e    program     static E:\3.46\pic18-lt\cxx-framework\src\traditional\stdclib\itoa.asm
                 TstUpper   0x000c58    program     static E:\3.46\pic18-lt\cxx-framework\src\traditional\stdclib\itoa.asm
       _D100TCYXCODE_0008   0x000de0    program     static E:\3.46\pic18-lt\cxx-framework\src\traditional\delays\d100tcyx.asm
       _D100TCYXCODE_0012   0x000dea    program     static E:\3.46\pic18-lt\cxx-framework\src\traditional\delays\d100tcyx.asm
       _D100TCYXCODE_0018   0x000df0    program     static E:\3.46\pic18-lt\cxx-framework\src\traditional\delays\d100tcyx.asm
                 __FpExit   0x000a9e    program     extern E:\3.46\pic18-lt\cxx-framework\src\traditional\math\packFP.asm
                 __FpPack   0x000aca    program     extern E:\3.46\pic18-lt\cxx-framework\src\traditional\math\packFP.asm
            __FpReturnNaN   0x000a92    program     extern E:\3.46\pic18-lt\cxx-framework\src\traditional\math\packFP.asm
         __FpReturnNegInf   0x000aa4    program     extern E:\3.46\pic18-lt\cxx-framework\src\traditional\math\packFP.asm
        __FpReturnNegZero   0x000abc    program     extern E:\3.46\pic18-lt\cxx-framework\src\traditional\math\packFP.asm
         __FpReturnPosInf   0x000aaa    program     extern E:\3.46\pic18-lt\cxx-framework\src\traditional\math\packFP.asm
        __FpReturnPosZero   0x000ac4    program     extern E:\3.46\pic18-lt\cxx-framework\src\traditional\math\packFP.asm
        __FpReturnSignInf   0x000aa0    program     extern E:\3.46\pic18-lt\cxx-framework\src\traditional\math\packFP.asm
       __FpReturnSignZero   0x000ab8    program     extern E:\3.46\pic18-lt\cxx-framework\src\traditional\math\packFP.asm
              __FpReturnW   0x000b22    program     extern E:\3.46\pic18-lt\cxx-framework\src\traditional\math\packFP.asm
              __FpUnPackA   0x000b42    program     extern E:\3.46\pic18-lt\cxx-framework\src\traditional\math\UnpackFP.asm
              __FpUnPackB   0x000b72    program     extern E:\3.46\pic18-lt\cxx-framework\src\traditional\math\UnpackFP.asm
       ___return_lbl00000   0x000d9a    program     static                          
       ___return_lbl00000   0x000004    program     static                          
       ___return_lbl00001   0x000dd6    program     static                          
       ___return_lbl00002   0x000d6e    program     static                          
       ___return_lbl00008   0x00000c    program     static                          
                   __init   0x000006    program     extern E:\3.46\pic18-lt\cxx-framework\src\traditional\stdclib\__init.c
              __string_10   0x000df4    program     static G:\Download\Sisteme_cu_microprocesoare (1)\Sisteme cu microprocesoare\Proiect_final\Proiect_final\main.c
            __zero_memory   0x000d9c    program     extern E:\3.46\pic18-lt\cxx-framework\src\traditional\proc\p18f4550.asm
                _do_cinit   0x000cd2    program     extern E:\3.46\pic18-lt\cxx-framework\src\traditional\startup\c018i.c
                   _entry   0x000000    program     extern E:\3.46\pic18-lt\cxx-framework\src\traditional\startup\c018i.c
                 _startup   0x000dbc    program     extern E:\3.46\pic18-lt\cxx-framework\src\traditional\startup\c018i.c
              adc_amostra   0x00002a    program     extern G:\Download\Sisteme_cu_microprocesoare (1)\Sisteme cu microprocesoare\Proiect_final\Proiect_final\main.c
                 adc_init   0x00001c    program     extern G:\Download\Sisteme_cu_microprocesoare (1)\Sisteme cu microprocesoare\Proiect_final\Proiect_final\main.c
                compare_l   0x000db2    program     static E:\3.46\pic18-lt\cxx-framework\src\traditional\proc\p18f4550.asm
                copy_loop   0x000d44    program     static                          
            copy_one_byte   0x000d4a    program     static                          
                     done   0x000d6e    program     static                          
             done_copying   0x000d58    program     static                          
                  endloop   0x000d96    program     static                          
              intrerupere   0x000008    program     extern G:\Download\Sisteme_cu_microprocesoare (1)\Sisteme cu microprocesoare\Proiect_final\Proiect_final\main.c
                   itoBCD   0x000c7e    program     extern E:\3.46\pic18-lt\cxx-framework\src\traditional\stdclib\itobcd.asm
                     itoa   0x000b9e    program     extern E:\3.46\pic18-lt\cxx-framework\src\traditional\stdclib\itoa.asm
                 jANotInf   0x00092c    program     static E:\3.46\pic18-lt\cxx-framework\src\traditional\math\mulFP.asm
                 jANotInf   0x000886    program     static E:\3.46\pic18-lt\cxx-framework\src\traditional\math\divFP.asm
                jANotZero   0x00089a    program     static E:\3.46\pic18-lt\cxx-framework\src\traditional\math\divFP.asm
              jBothFinite   0x00093a    program     static E:\3.46\pic18-lt\cxx-framework\src\traditional\math\mulFP.asm
             jBothNotZero   0x000946    program     static E:\3.46\pic18-lt\cxx-framework\src\traditional\math\mulFP.asm
                     jDo1   0x000c24    program     static E:\3.46\pic18-lt\cxx-framework\src\traditional\stdclib\itoa.asm
                     jDo2   0x000c20    program     static E:\3.46\pic18-lt\cxx-framework\src\traditional\stdclib\itoa.asm
                     jDo3   0x000c1c    program     static E:\3.46\pic18-lt\cxx-framework\src\traditional\stdclib\itoa.asm
                     jDo4   0x000c18    program     static E:\3.46\pic18-lt\cxx-framework\src\traditional\stdclib\itoa.asm
                     jDo5   0x000c14    program     static E:\3.46\pic18-lt\cxx-framework\src\traditional\stdclib\itoa.asm
                     jEnd   0x000cbc    program     static E:\3.46\pic18-lt\cxx-framework\src\traditional\stdclib\itobcd.asm
                    jExit   0x000a90    program     static E:\3.46\pic18-lt\cxx-framework\src\traditional\math\castFP16.asm
                jHaveZero   0x000942    program     static E:\3.46\pic18-lt\cxx-framework\src\traditional\math\mulFP.asm
                jI2F16Beg   0x000852    program     static E:\3.46\pic18-lt\cxx-framework\src\traditional\math\cast16FP.asm
                    jLoop   0x0008c2    program     static E:\3.46\pic18-lt\cxx-framework\src\traditional\math\divFP.asm
                    jLoop   0x000c96    program     static E:\3.46\pic18-lt\cxx-framework\src\traditional\stdclib\itobcd.asm
                    jLoop   0x000a70    program     static E:\3.46\pic18-lt\cxx-framework\src\traditional\math\castFP16.asm
                jLoopExit   0x000a80    program     static E:\3.46\pic18-lt\cxx-framework\src\traditional\math\castFP16.asm
                     jMax   0x000a44    program     static E:\3.46\pic18-lt\cxx-framework\src\traditional\math\castFP16.asm
                  jMaxNeg   0x000a52    program     static E:\3.46\pic18-lt\cxx-framework\src\traditional\math\castFP16.asm
                  jMaxPos   0x000a48    program     static E:\3.46\pic18-lt\cxx-framework\src\traditional\math\castFP16.asm
                    jNext   0x0008e8    program     static E:\3.46\pic18-lt\cxx-framework\src\traditional\math\divFP.asm
                jNoAdjust   0x0008e6    program     static E:\3.46\pic18-lt\cxx-framework\src\traditional\math\divFP.asm
                  jNotInf   0x000a60    program     static E:\3.46\pic18-lt\cxx-framework\src\traditional\math\castFP16.asm
                  jPkLoop   0x000ad8    program     static E:\3.46\pic18-lt\cxx-framework\src\traditional\math\packFP.asm
             jPkRoundDone   0x000b22    program     static E:\3.46\pic18-lt\cxx-framework\src\traditional\math\packFP.asm
               jPkRoundIt   0x000b0a    program     static E:\3.46\pic18-lt\cxx-framework\src\traditional\math\packFP.asm
             jPkShiftDone   0x000af4    program     static E:\3.46\pic18-lt\cxx-framework\src\traditional\math\packFP.asm
           jReturnPosInf0   0x000aae    program     static E:\3.46\pic18-lt\cxx-framework\src\traditional\math\packFP.asm
              jSignedZero   0x000890    program     static E:\3.46\pic18-lt\cxx-framework\src\traditional\math\divFP.asm
                jTstLowZ1   0x000c68    program     static E:\3.46\pic18-lt\cxx-framework\src\traditional\stdclib\itoa.asm
                jTstSign1   0x000bca    program     static E:\3.46\pic18-lt\cxx-framework\src\traditional\stdclib\itoa.asm
                  jUnpkA1   0x000b4c    program     static E:\3.46\pic18-lt\cxx-framework\src\traditional\math\UnpackFP.asm
                  jUnpkA2   0x000b64    program     static E:\3.46\pic18-lt\cxx-framework\src\traditional\math\UnpackFP.asm
                 jUnpkANZ   0x000b5a    program     static E:\3.46\pic18-lt\cxx-framework\src\traditional\math\UnpackFP.asm
                  jUnpkB1   0x000b7c    program     static E:\3.46\pic18-lt\cxx-framework\src\traditional\math\UnpackFP.asm
                  jUnpkB2   0x000b94    program     static E:\3.46\pic18-lt\cxx-framework\src\traditional\math\UnpackFP.asm
                 jUnpkBNZ   0x000b8a    program     static E:\3.46\pic18-lt\cxx-framework\src\traditional\math\UnpackFP.asm
                 jUnpkNaN   0x000b6e    program     static E:\3.46\pic18-lt\cxx-framework\src\traditional\math\UnpackFP.asm
                    jZero   0x000a5a    program     static E:\3.46\pic18-lt\cxx-framework\src\traditional\math\castFP16.asm
               jZero1and2   0x000ab2    program     static E:\3.46\pic18-lt\cxx-framework\src\traditional\math\packFP.asm
                  lcddata   0x0007be    program     extern G:\Download\Sisteme_cu_microprocesoare (1)\Sisteme cu microprocesoare\Proiect_final\Proiect_final\main.c
                     loop   0x000d7a    program     static                          
                     loop   0x000dcc    program     static                          
                   loop_h   0x000daa    program     static E:\3.46\pic18-lt\cxx-framework\src\traditional\proc\p18f4550.asm
                   loop_l   0x000db4    program     static E:\3.46\pic18-lt\cxx-framework\src\traditional\proc\p18f4550.asm
                     main   0x00009e    program     extern G:\Download\Sisteme_cu_microprocesoare (1)\Sisteme cu microprocesoare\Proiect_final\Proiect_final\main.c
                  msdelay   0x0007e8    program     extern G:\Download\Sisteme_cu_microprocesoare (1)\Sisteme cu microprocesoare\Proiect_final\Proiect_final\main.c
       rutina_intrerupere   0x000230    program     extern G:\Download\Sisteme_cu_microprocesoare (1)\Sisteme cu microprocesoare\Proiect_final\Proiect_final\main.c
                     test   0x000cec    program     static                          
               zero_block   0x000daa    program     static E:\3.46\pic18-lt\cxx-framework\src\traditional\proc\p18f4550.asm
                   ADCON0   0x000fc2       data     extern E:\3.46\pic18-lt\cxx-framework\src\traditional\proc\p18f4550.asm
               ADCON0bits   0x000fc2       data     extern E:\3.46\pic18-lt\cxx-framework\src\traditional\proc\p18f4550.asm
                   ADCON1   0x000fc1       data     extern E:\3.46\pic18-lt\cxx-framework\src\traditional\proc\p18f4550.asm
               ADCON1bits   0x000fc1       data     extern E:\3.46\pic18-lt\cxx-framework\src\traditional\proc\p18f4550.asm
                   ADCON2   0x000fc0       data     extern E:\3.46\pic18-lt\cxx-framework\src\traditional\proc\p18f4550.asm
               ADCON2bits   0x000fc0       data     extern E:\3.46\pic18-lt\cxx-framework\src\traditional\proc\p18f4550.asm
                    ADRES   0x000fc3       data     extern E:\3.46\pic18-lt\cxx-framework\src\traditional\proc\p18f4550.asm
                   ADRESH   0x000fc4       data     extern E:\3.46\pic18-lt\cxx-framework\src\traditional\proc\p18f4550.asm
                   ADRESL   0x000fc3       data     extern E:\3.46\pic18-lt\cxx-framework\src\traditional\proc\p18f4550.asm
                  BAUDCON   0x000fb8       data     extern E:\3.46\pic18-lt\cxx-framework\src\traditional\proc\p18f4550.asm
              BAUDCONbits   0x000fb8       data     extern E:\3.46\pic18-lt\cxx-framework\src\traditional\proc\p18f4550.asm
                  BAUDCTL   0x000fb8       data     extern E:\3.46\pic18-lt\cxx-framework\src\traditional\proc\p18f4550.asm
              BAUDCTLbits   0x000fb8       data     extern E:\3.46\pic18-lt\cxx-framework\src\traditional\proc\p18f4550.asm
                      BSR   0x000fe0       data     extern E:\3.46\pic18-lt\cxx-framework\src\traditional\proc\p18f4550.asm
                   CCP1AS   0x000fb6       data     extern E:\3.46\pic18-lt\cxx-framework\src\traditional\proc\p18f4550.asm
               CCP1ASbits   0x000fb6       data     extern E:\3.46\pic18-lt\cxx-framework\src\traditional\proc\p18f4550.asm
                  CCP1CON   0x000fbd       data     extern E:\3.46\pic18-lt\cxx-framework\src\traditional\proc\p18f4550.asm
              CCP1CONbits   0x000fbd       data     extern E:\3.46\pic18-lt\cxx-framework\src\traditional\proc\p18f4550.asm
                  CCP1DEL   0x000fb7       data     extern E:\3.46\pic18-lt\cxx-framework\src\traditional\proc\p18f4550.asm
              CCP1DELbits   0x000fb7       data     extern E:\3.46\pic18-lt\cxx-framework\src\traditional\proc\p18f4550.asm
                  CCP2CON   0x000fba       data     extern E:\3.46\pic18-lt\cxx-framework\src\traditional\proc\p18f4550.asm
              CCP2CONbits   0x000fba       data     extern E:\3.46\pic18-lt\cxx-framework\src\traditional\proc\p18f4550.asm
                    CCPR1   0x000fbe       data     extern E:\3.46\pic18-lt\cxx-framework\src\traditional\proc\p18f4550.asm
                   CCPR1H   0x000fbf       data     extern E:\3.46\pic18-lt\cxx-framework\src\traditional\proc\p18f4550.asm
                   CCPR1L   0x000fbe       data     extern E:\3.46\pic18-lt\cxx-framework\src\traditional\proc\p18f4550.asm
                    CCPR2   0x000fbb       data     extern E:\3.46\pic18-lt\cxx-framework\src\traditional\proc\p18f4550.asm
                   CCPR2H   0x000fbc       data     extern E:\3.46\pic18-lt\cxx-framework\src\traditional\proc\p18f4550.asm
                   CCPR2L   0x000fbb       data     extern E:\3.46\pic18-lt\cxx-framework\src\traditional\proc\p18f4550.asm
                    CMCON   0x000fb4       data     extern E:\3.46\pic18-lt\cxx-framework\src\traditional\proc\p18f4550.asm
                CMCONbits   0x000fb4       data     extern E:\3.46\pic18-lt\cxx-framework\src\traditional\proc\p18f4550.asm
                   CVRCON   0x000fb5       data     extern E:\3.46\pic18-lt\cxx-framework\src\traditional\proc\p18f4550.asm
               CVRCONbits   0x000fb5       data     extern E:\3.46\pic18-lt\cxx-framework\src\traditional\proc\p18f4550.asm
                     DDRA   0x000f92       data     extern E:\3.46\pic18-lt\cxx-framework\src\traditional\proc\p18f4550.asm
                 DDRAbits   0x000f92       data     extern E:\3.46\pic18-lt\cxx-framework\src\traditional\proc\p18f4550.asm
                     DDRB   0x000f93       data     extern E:\3.46\pic18-lt\cxx-framework\src\traditional\proc\p18f4550.asm
                 DDRBbits   0x000f93       data     extern E:\3.46\pic18-lt\cxx-framework\src\traditional\proc\p18f4550.asm
                     DDRC   0x000f94       data     extern E:\3.46\pic18-lt\cxx-framework\src\traditional\proc\p18f4550.asm
                 DDRCbits   0x000f94       data     extern E:\3.46\pic18-lt\cxx-framework\src\traditional\proc\p18f4550.asm
                     DDRD   0x000f95       data     extern E:\3.46\pic18-lt\cxx-framework\src\traditional\proc\p18f4550.asm
                 DDRDbits   0x000f95       data     extern E:\3.46\pic18-lt\cxx-framework\src\traditional\proc\p18f4550.asm
                     DDRE   0x000f96       data     extern E:\3.46\pic18-lt\cxx-framework\src\traditional\proc\p18f4550.asm
                 DDREbits   0x000f96       data     extern E:\3.46\pic18-lt\cxx-framework\src\traditional\proc\p18f4550.asm
            DelayCounter1   0x00001e       data     extern E:\3.46\pic18-lt\cxx-framework\src\traditional\delays\delayd1.asm
                  ECCP1AS   0x000fb6       data     extern E:\3.46\pic18-lt\cxx-framework\src\traditional\proc\p18f4550.asm
              ECCP1ASbits   0x000fb6       data     extern E:\3.46\pic18-lt\cxx-framework\src\traditional\proc\p18f4550.asm
                 ECCP1CON   0x000fbd       data     extern E:\3.46\pic18-lt\cxx-framework\src\traditional\proc\p18f4550.asm
             ECCP1CONbits   0x000fbd       data     extern E:\3.46\pic18-lt\cxx-framework\src\traditional\proc\p18f4550.asm
                 ECCP1DEL   0x000fb7       data     extern E:\3.46\pic18-lt\cxx-framework\src\traditional\proc\p18f4550.asm
             ECCP1DELbits   0x000fb7       data     extern E:\3.46\pic18-lt\cxx-framework\src\traditional\proc\p18f4550.asm
                    EEADR   0x000fa9       data     extern E:\3.46\pic18-lt\cxx-framework\src\traditional\proc\p18f4550.asm
                   EECON1   0x000fa6       data     extern E:\3.46\pic18-lt\cxx-framework\src\traditional\proc\p18f4550.asm
               EECON1bits   0x000fa6       data     extern E:\3.46\pic18-lt\cxx-framework\src\traditional\proc\p18f4550.asm
                   EECON2   0x000fa7       data     extern E:\3.46\pic18-lt\cxx-framework\src\traditional\proc\p18f4550.asm
                   EEDATA   0x000fa8       data     extern E:\3.46\pic18-lt\cxx-framework\src\traditional\proc\p18f4550.asm
                     FSR0   0x000fe9       data     extern E:\3.46\pic18-lt\cxx-framework\src\traditional\proc\p18f4550.asm
                    FSR0H   0x000fea       data     extern E:\3.46\pic18-lt\cxx-framework\src\traditional\proc\p18f4550.asm
                    FSR0L   0x000fe9       data     extern E:\3.46\pic18-lt\cxx-framework\src\traditional\proc\p18f4550.asm
                     FSR1   0x000fe1       data     extern E:\3.46\pic18-lt\cxx-framework\src\traditional\proc\p18f4550.asm
                    FSR1H   0x000fe2       data     extern E:\3.46\pic18-lt\cxx-framework\src\traditional\proc\p18f4550.asm
                    FSR1L   0x000fe1       data     extern E:\3.46\pic18-lt\cxx-framework\src\traditional\proc\p18f4550.asm
                     FSR2   0x000fd9       data     extern E:\3.46\pic18-lt\cxx-framework\src\traditional\proc\p18f4550.asm
                    FSR2H   0x000fda       data     extern E:\3.46\pic18-lt\cxx-framework\src\traditional\proc\p18f4550.asm
                    FSR2L   0x000fd9       data     extern E:\3.46\pic18-lt\cxx-framework\src\traditional\proc\p18f4550.asm
                  HLVDCON   0x000fd2       data     extern E:\3.46\pic18-lt\cxx-framework\src\traditional\proc\p18f4550.asm
              HLVDCONbits   0x000fd2       data     extern E:\3.46\pic18-lt\cxx-framework\src\traditional\proc\p18f4550.asm
                    INDF0   0x000fef       data     extern E:\3.46\pic18-lt\cxx-framework\src\traditional\proc\p18f4550.asm
                    INDF1   0x000fe7       data     extern E:\3.46\pic18-lt\cxx-framework\src\traditional\proc\p18f4550.asm
                    INDF2   0x000fdf       data     extern E:\3.46\pic18-lt\cxx-framework\src\traditional\proc\p18f4550.asm
                   INTCON   0x000ff2       data     extern E:\3.46\pic18-lt\cxx-framework\src\traditional\proc\p18f4550.asm
                  INTCON2   0x000ff1       data     extern E:\3.46\pic18-lt\cxx-framework\src\traditional\proc\p18f4550.asm
              INTCON2bits   0x000ff1       data     extern E:\3.46\pic18-lt\cxx-framework\src\traditional\proc\p18f4550.asm
                  INTCON3   0x000ff0       data     extern E:\3.46\pic18-lt\cxx-framework\src\traditional\proc\p18f4550.asm
              INTCON3bits   0x000ff0       data     extern E:\3.46\pic18-lt\cxx-framework\src\traditional\proc\p18f4550.asm
               INTCONbits   0x000ff2       data     extern E:\3.46\pic18-lt\cxx-framework\src\traditional\proc\p18f4550.asm
                     IPR1   0x000f9f       data     extern E:\3.46\pic18-lt\cxx-framework\src\traditional\proc\p18f4550.asm
                 IPR1bits   0x000f9f       data     extern E:\3.46\pic18-lt\cxx-framework\src\traditional\proc\p18f4550.asm
                     IPR2   0x000fa2       data     extern E:\3.46\pic18-lt\cxx-framework\src\traditional\proc\p18f4550.asm
                 IPR2bits   0x000fa2       data     extern E:\3.46\pic18-lt\cxx-framework\src\traditional\proc\p18f4550.asm
                     LATA   0x000f89       data     extern E:\3.46\pic18-lt\cxx-framework\src\traditional\proc\p18f4550.asm
                 LATAbits   0x000f89       data     extern E:\3.46\pic18-lt\cxx-framework\src\traditional\proc\p18f4550.asm
                     LATB   0x000f8a       data     extern E:\3.46\pic18-lt\cxx-framework\src\traditional\proc\p18f4550.asm
                 LATBbits   0x000f8a       data     extern E:\3.46\pic18-lt\cxx-framework\src\traditional\proc\p18f4550.asm
                     LATC   0x000f8b       data     extern E:\3.46\pic18-lt\cxx-framework\src\traditional\proc\p18f4550.asm
                 LATCbits   0x000f8b       data     extern E:\3.46\pic18-lt\cxx-framework\src\traditional\proc\p18f4550.asm
                     LATD   0x000f8c       data     extern E:\3.46\pic18-lt\cxx-framework\src\traditional\proc\p18f4550.asm
                 LATDbits   0x000f8c       data     extern E:\3.46\pic18-lt\cxx-framework\src\traditional\proc\p18f4550.asm
                     LATE   0x000f8d       data     extern E:\3.46\pic18-lt\cxx-framework\src\traditional\proc\p18f4550.asm
                 LATEbits   0x000f8d       data     extern E:\3.46\pic18-lt\cxx-framework\src\traditional\proc\p18f4550.asm
                   LVDCON   0x000fd2       data     extern E:\3.46\pic18-lt\cxx-framework\src\traditional\proc\p18f4550.asm
               LVDCONbits   0x000fd2       data     extern E:\3.46\pic18-lt\cxx-framework\src\traditional\proc\p18f4550.asm
                   OSCCON   0x000fd3       data     extern E:\3.46\pic18-lt\cxx-framework\src\traditional\proc\p18f4550.asm
               OSCCONbits   0x000fd3       data     extern E:\3.46\pic18-lt\cxx-framework\src\traditional\proc\p18f4550.asm
                  OSCTUNE   0x000f9b       data     extern E:\3.46\pic18-lt\cxx-framework\src\traditional\proc\p18f4550.asm
              OSCTUNEbits   0x000f9b       data     extern E:\3.46\pic18-lt\cxx-framework\src\traditional\proc\p18f4550.asm
                       PC   0x000ff9       data     extern E:\3.46\pic18-lt\cxx-framework\src\traditional\proc\p18f4550.asm
                      PCL   0x000ff9       data     extern E:\3.46\pic18-lt\cxx-framework\src\traditional\proc\p18f4550.asm
                   PCLATH   0x000ffa       data     extern E:\3.46\pic18-lt\cxx-framework\src\traditional\proc\p18f4550.asm
                   PCLATU   0x000ffb       data     extern E:\3.46\pic18-lt\cxx-framework\src\traditional\proc\p18f4550.asm
                     PIE1   0x000f9d       data     extern E:\3.46\pic18-lt\cxx-framework\src\traditional\proc\p18f4550.asm
                 PIE1bits   0x000f9d       data     extern E:\3.46\pic18-lt\cxx-framework\src\traditional\proc\p18f4550.asm
                     PIE2   0x000fa0       data     extern E:\3.46\pic18-lt\cxx-framework\src\traditional\proc\p18f4550.asm
                 PIE2bits   0x000fa0       data     extern E:\3.46\pic18-lt\cxx-framework\src\traditional\proc\p18f4550.asm
                     PIR1   0x000f9e       data     extern E:\3.46\pic18-lt\cxx-framework\src\traditional\proc\p18f4550.asm
                 PIR1bits   0x000f9e       data     extern E:\3.46\pic18-lt\cxx-framework\src\traditional\proc\p18f4550.asm
                     PIR2   0x000fa1       data     extern E:\3.46\pic18-lt\cxx-framework\src\traditional\proc\p18f4550.asm
                 PIR2bits   0x000fa1       data     extern E:\3.46\pic18-lt\cxx-framework\src\traditional\proc\p18f4550.asm
                   PLUSW0   0x000feb       data     extern E:\3.46\pic18-lt\cxx-framework\src\traditional\proc\p18f4550.asm
                   PLUSW1   0x000fe3       data     extern E:\3.46\pic18-lt\cxx-framework\src\traditional\proc\p18f4550.asm
                   PLUSW2   0x000fdb       data     extern E:\3.46\pic18-lt\cxx-framework\src\traditional\proc\p18f4550.asm
                    PORTA   0x000f80       data     extern E:\3.46\pic18-lt\cxx-framework\src\traditional\proc\p18f4550.asm
                PORTAbits   0x000f80       data     extern E:\3.46\pic18-lt\cxx-framework\src\traditional\proc\p18f4550.asm
                    PORTB   0x000f81       data     extern E:\3.46\pic18-lt\cxx-framework\src\traditional\proc\p18f4550.asm
                PORTBbits   0x000f81       data     extern E:\3.46\pic18-lt\cxx-framework\src\traditional\proc\p18f4550.asm
                    PORTC   0x000f82       data     extern E:\3.46\pic18-lt\cxx-framework\src\traditional\proc\p18f4550.asm
                PORTCbits   0x000f82       data     extern E:\3.46\pic18-lt\cxx-framework\src\traditional\proc\p18f4550.asm
                    PORTD   0x000f83       data     extern E:\3.46\pic18-lt\cxx-framework\src\traditional\proc\p18f4550.asm
                PORTDbits   0x000f83       data     extern E:\3.46\pic18-lt\cxx-framework\src\traditional\proc\p18f4550.asm
                    PORTE   0x000f84       data     extern E:\3.46\pic18-lt\cxx-framework\src\traditional\proc\p18f4550.asm
                PORTEbits   0x000f84       data     extern E:\3.46\pic18-lt\cxx-framework\src\traditional\proc\p18f4550.asm
                 POSTDEC0   0x000fed       data     extern E:\3.46\pic18-lt\cxx-framework\src\traditional\proc\p18f4550.asm
                 POSTDEC1   0x000fe5       data     extern E:\3.46\pic18-lt\cxx-framework\src\traditional\proc\p18f4550.asm
                 POSTDEC2   0x000fdd       data     extern E:\3.46\pic18-lt\cxx-framework\src\traditional\proc\p18f4550.asm
                 POSTINC0   0x000fee       data     extern E:\3.46\pic18-lt\cxx-framework\src\traditional\proc\p18f4550.asm
                 POSTINC1   0x000fe6       data     extern E:\3.46\pic18-lt\cxx-framework\src\traditional\proc\p18f4550.asm
                 POSTINC2   0x000fde       data     extern E:\3.46\pic18-lt\cxx-framework\src\traditional\proc\p18f4550.asm
                      PR2   0x000fcb       data     extern E:\3.46\pic18-lt\cxx-framework\src\traditional\proc\p18f4550.asm
                  PREINC0   0x000fec       data     extern E:\3.46\pic18-lt\cxx-framework\src\traditional\proc\p18f4550.asm
                  PREINC1   0x000fe4       data     extern E:\3.46\pic18-lt\cxx-framework\src\traditional\proc\p18f4550.asm
                  PREINC2   0x000fdc       data     extern E:\3.46\pic18-lt\cxx-framework\src\traditional\proc\p18f4550.asm
                     PROD   0x000ff3       data     extern E:\3.46\pic18-lt\cxx-framework\src\traditional\proc\p18f4550.asm
                    PRODH   0x000ff4       data     extern E:\3.46\pic18-lt\cxx-framework\src\traditional\proc\p18f4550.asm
                    PRODL   0x000ff3       data     extern E:\3.46\pic18-lt\cxx-framework\src\traditional\proc\p18f4550.asm
                     RCON   0x000fd0       data     extern E:\3.46\pic18-lt\cxx-framework\src\traditional\proc\p18f4550.asm
                 RCONbits   0x000fd0       data     extern E:\3.46\pic18-lt\cxx-framework\src\traditional\proc\p18f4550.asm
                    RCREG   0x000fae       data     extern E:\3.46\pic18-lt\cxx-framework\src\traditional\proc\p18f4550.asm
                    RCSTA   0x000fab       data     extern E:\3.46\pic18-lt\cxx-framework\src\traditional\proc\p18f4550.asm
                RCSTAbits   0x000fab       data     extern E:\3.46\pic18-lt\cxx-framework\src\traditional\proc\p18f4550.asm
                      Rez   0x000106       data     extern G:\Download\Sisteme_cu_microprocesoare (1)\Sisteme cu microprocesoare\Proiect_final\Proiect_final\main.c
                     SIGN   0x000000       data     extern E:\3.46\pic18-lt\cxx-framework\src\traditional\math\cmath18.asm
                    SPBRG   0x000faf       data     extern E:\3.46\pic18-lt\cxx-framework\src\traditional\proc\p18f4550.asm
                   SPBRGH   0x000fb0       data     extern E:\3.46\pic18-lt\cxx-framework\src\traditional\proc\p18f4550.asm
                   SPPCFG   0x000f63       data     extern E:\3.46\pic18-lt\cxx-framework\src\traditional\proc\p18f4550.asm
               SPPCFGbits   0x000f63       data     extern E:\3.46\pic18-lt\cxx-framework\src\traditional\proc\p18f4550.asm
                   SPPCON   0x000f65       data     extern E:\3.46\pic18-lt\cxx-framework\src\traditional\proc\p18f4550.asm
               SPPCONbits   0x000f65       data     extern E:\3.46\pic18-lt\cxx-framework\src\traditional\proc\p18f4550.asm
                  SPPDATA   0x000f62       data     extern E:\3.46\pic18-lt\cxx-framework\src\traditional\proc\p18f4550.asm
                   SPPEPS   0x000f64       data     extern E:\3.46\pic18-lt\cxx-framework\src\traditional\proc\p18f4550.asm
               SPPEPSbits   0x000f64       data     extern E:\3.46\pic18-lt\cxx-framework\src\traditional\proc\p18f4550.asm
                   SSPADD   0x000fc8       data     extern E:\3.46\pic18-lt\cxx-framework\src\traditional\proc\p18f4550.asm
                   SSPBUF   0x000fc9       data     extern E:\3.46\pic18-lt\cxx-framework\src\traditional\proc\p18f4550.asm
                  SSPCON1   0x000fc6       data     extern E:\3.46\pic18-lt\cxx-framework\src\traditional\proc\p18f4550.asm
              SSPCON1bits   0x000fc6       data     extern E:\3.46\pic18-lt\cxx-framework\src\traditional\proc\p18f4550.asm
                  SSPCON2   0x000fc5       data     extern E:\3.46\pic18-lt\cxx-framework\src\traditional\proc\p18f4550.asm
              SSPCON2bits   0x000fc5       data     extern E:\3.46\pic18-lt\cxx-framework\src\traditional\proc\p18f4550.asm
                  SSPSTAT   0x000fc7       data     extern E:\3.46\pic18-lt\cxx-framework\src\traditional\proc\p18f4550.asm
              SSPSTATbits   0x000fc7       data     extern E:\3.46\pic18-lt\cxx-framework\src\traditional\proc\p18f4550.asm
                   STATUS   0x000fd8       data     extern E:\3.46\pic18-lt\cxx-framework\src\traditional\proc\p18f4550.asm
               STATUSbits   0x000fd8       data     extern E:\3.46\pic18-lt\cxx-framework\src\traditional\proc\p18f4550.asm
                   STKPTR   0x000ffc       data     extern E:\3.46\pic18-lt\cxx-framework\src\traditional\proc\p18f4550.asm
               STKPTRbits   0x000ffc       data     extern E:\3.46\pic18-lt\cxx-framework\src\traditional\proc\p18f4550.asm
                    T0CON   0x000fd5       data     extern E:\3.46\pic18-lt\cxx-framework\src\traditional\proc\p18f4550.asm
                T0CONbits   0x000fd5       data     extern E:\3.46\pic18-lt\cxx-framework\src\traditional\proc\p18f4550.asm
                    T1CON   0x000fcd       data     extern E:\3.46\pic18-lt\cxx-framework\src\traditional\proc\p18f4550.asm
                T1CONbits   0x000fcd       data     extern E:\3.46\pic18-lt\cxx-framework\src\traditional\proc\p18f4550.asm
                    T2CON   0x000fca       data     extern E:\3.46\pic18-lt\cxx-framework\src\traditional\proc\p18f4550.asm
                T2CONbits   0x000fca       data     extern E:\3.46\pic18-lt\cxx-framework\src\traditional\proc\p18f4550.asm
                    T3CON   0x000fb1       data     extern E:\3.46\pic18-lt\cxx-framework\src\traditional\proc\p18f4550.asm
                T3CONbits   0x000fb1       data     extern E:\3.46\pic18-lt\cxx-framework\src\traditional\proc\p18f4550.asm
                   TABLAT   0x000ff5       data     extern E:\3.46\pic18-lt\cxx-framework\src\traditional\proc\p18f4550.asm
                   TBLPTR   0x000ff6       data     extern E:\3.46\pic18-lt\cxx-framework\src\traditional\proc\p18f4550.asm
                  TBLPTRH   0x000ff7       data     extern E:\3.46\pic18-lt\cxx-framework\src\traditional\proc\p18f4550.asm
                  TBLPTRL   0x000ff6       data     extern E:\3.46\pic18-lt\cxx-framework\src\traditional\proc\p18f4550.asm
                  TBLPTRU   0x000ff8       data     extern E:\3.46\pic18-lt\cxx-framework\src\traditional\proc\p18f4550.asm
                    TMR0H   0x000fd7       data     extern E:\3.46\pic18-lt\cxx-framework\src\traditional\proc\p18f4550.asm
                    TMR0L   0x000fd6       data     extern E:\3.46\pic18-lt\cxx-framework\src\traditional\proc\p18f4550.asm
                    TMR1H   0x000fcf       data     extern E:\3.46\pic18-lt\cxx-framework\src\traditional\proc\p18f4550.asm
                    TMR1L   0x000fce       data     extern E:\3.46\pic18-lt\cxx-framework\src\traditional\proc\p18f4550.asm
                     TMR2   0x000fcc       data     extern E:\3.46\pic18-lt\cxx-framework\src\traditional\proc\p18f4550.asm
                    TMR3H   0x000fb3       data     extern E:\3.46\pic18-lt\cxx-framework\src\traditional\proc\p18f4550.asm
                    TMR3L   0x000fb2       data     extern E:\3.46\pic18-lt\cxx-framework\src\traditional\proc\p18f4550.asm
                      TOS   0x000ffd       data     extern E:\3.46\pic18-lt\cxx-framework\src\traditional\proc\p18f4550.asm
                     TOSH   0x000ffe       data     extern E:\3.46\pic18-lt\cxx-framework\src\traditional\proc\p18f4550.asm
                     TOSL   0x000ffd       data     extern E:\3.46\pic18-lt\cxx-framework\src\traditional\proc\p18f4550.asm
                     TOSU   0x000fff       data     extern E:\3.46\pic18-lt\cxx-framework\src\traditional\proc\p18f4550.asm
                    TRISA   0x000f92       data     extern E:\3.46\pic18-lt\cxx-framework\src\traditional\proc\p18f4550.asm
                TRISAbits   0x000f92       data     extern E:\3.46\pic18-lt\cxx-framework\src\traditional\proc\p18f4550.asm
                    TRISB   0x000f93       data     extern E:\3.46\pic18-lt\cxx-framework\src\traditional\proc\p18f4550.asm
                TRISBbits   0x000f93       data     extern E:\3.46\pic18-lt\cxx-framework\src\traditional\proc\p18f4550.asm
                    TRISC   0x000f94       data     extern E:\3.46\pic18-lt\cxx-framework\src\traditional\proc\p18f4550.asm
                TRISCbits   0x000f94       data     extern E:\3.46\pic18-lt\cxx-framework\src\traditional\proc\p18f4550.asm
                    TRISD   0x000f95       data     extern E:\3.46\pic18-lt\cxx-framework\src\traditional\proc\p18f4550.asm
                TRISDbits   0x000f95       data     extern E:\3.46\pic18-lt\cxx-framework\src\traditional\proc\p18f4550.asm
                    TRISE   0x000f96       data     extern E:\3.46\pic18-lt\cxx-framework\src\traditional\proc\p18f4550.asm
                TRISEbits   0x000f96       data     extern E:\3.46\pic18-lt\cxx-framework\src\traditional\proc\p18f4550.asm
                    TXREG   0x000fad       data     extern E:\3.46\pic18-lt\cxx-framework\src\traditional\proc\p18f4550.asm
                    TXSTA   0x000fac       data     extern E:\3.46\pic18-lt\cxx-framework\src\traditional\proc\p18f4550.asm
                TXSTAbits   0x000fac       data     extern E:\3.46\pic18-lt\cxx-framework\src\traditional\proc\p18f4550.asm
                    UADDR   0x000f6e       data     extern E:\3.46\pic18-lt\cxx-framework\src\traditional\proc\p18f4550.asm
                UADDRbits   0x000f6e       data     extern E:\3.46\pic18-lt\cxx-framework\src\traditional\proc\p18f4550.asm
                     UCFG   0x000f6f       data     extern E:\3.46\pic18-lt\cxx-framework\src\traditional\proc\p18f4550.asm
                 UCFGbits   0x000f6f       data     extern E:\3.46\pic18-lt\cxx-framework\src\traditional\proc\p18f4550.asm
                     UCON   0x000f6d       data     extern E:\3.46\pic18-lt\cxx-framework\src\traditional\proc\p18f4550.asm
                 UCONbits   0x000f6d       data     extern E:\3.46\pic18-lt\cxx-framework\src\traditional\proc\p18f4550.asm
                     UEIE   0x000f6b       data     extern E:\3.46\pic18-lt\cxx-framework\src\traditional\proc\p18f4550.asm
                 UEIEbits   0x000f6b       data     extern E:\3.46\pic18-lt\cxx-framework\src\traditional\proc\p18f4550.asm
                     UEIR   0x000f6a       data     extern E:\3.46\pic18-lt\cxx-framework\src\traditional\proc\p18f4550.asm
                 UEIRbits   0x000f6a       data     extern E:\3.46\pic18-lt\cxx-framework\src\traditional\proc\p18f4550.asm
                     UEP0   0x000f70       data     extern E:\3.46\pic18-lt\cxx-framework\src\traditional\proc\p18f4550.asm
                 UEP0bits   0x000f70       data     extern E:\3.46\pic18-lt\cxx-framework\src\traditional\proc\p18f4550.asm
                     UEP1   0x000f71       data     extern E:\3.46\pic18-lt\cxx-framework\src\traditional\proc\p18f4550.asm
                    UEP10   0x000f7a       data     extern E:\3.46\pic18-lt\cxx-framework\src\traditional\proc\p18f4550.asm
                UEP10bits   0x000f7a       data     extern E:\3.46\pic18-lt\cxx-framework\src\traditional\proc\p18f4550.asm
                    UEP11   0x000f7b       data     extern E:\3.46\pic18-lt\cxx-framework\src\traditional\proc\p18f4550.asm
                UEP11bits   0x000f7b       data     extern E:\3.46\pic18-lt\cxx-framework\src\traditional\proc\p18f4550.asm
                    UEP12   0x000f7c       data     extern E:\3.46\pic18-lt\cxx-framework\src\traditional\proc\p18f4550.asm
                UEP12bits   0x000f7c       data     extern E:\3.46\pic18-lt\cxx-framework\src\traditional\proc\p18f4550.asm
                    UEP13   0x000f7d       data     extern E:\3.46\pic18-lt\cxx-framework\src\traditional\proc\p18f4550.asm
                UEP13bits   0x000f7d       data     extern E:\3.46\pic18-lt\cxx-framework\src\traditional\proc\p18f4550.asm
                    UEP14   0x000f7e       data     extern E:\3.46\pic18-lt\cxx-framework\src\traditional\proc\p18f4550.asm
                UEP14bits   0x000f7e       data     extern E:\3.46\pic18-lt\cxx-framework\src\traditional\proc\p18f4550.asm
                    UEP15   0x000f7f       data     extern E:\3.46\pic18-lt\cxx-framework\src\traditional\proc\p18f4550.asm
                UEP15bits   0x000f7f       data     extern E:\3.46\pic18-lt\cxx-framework\src\traditional\proc\p18f4550.asm
                 UEP1bits   0x000f71       data     extern E:\3.46\pic18-lt\cxx-framework\src\traditional\proc\p18f4550.asm
                     UEP2   0x000f72       data     extern E:\3.46\pic18-lt\cxx-framework\src\traditional\proc\p18f4550.asm
                 UEP2bits   0x000f72       data     extern E:\3.46\pic18-lt\cxx-framework\src\traditional\proc\p18f4550.asm
                     UEP3   0x000f73       data     extern E:\3.46\pic18-lt\cxx-framework\src\traditional\proc\p18f4550.asm
                 UEP3bits   0x000f73       data     extern E:\3.46\pic18-lt\cxx-framework\src\traditional\proc\p18f4550.asm
                     UEP4   0x000f74       data     extern E:\3.46\pic18-lt\cxx-framework\src\traditional\proc\p18f4550.asm
                 UEP4bits   0x000f74       data     extern E:\3.46\pic18-lt\cxx-framework\src\traditional\proc\p18f4550.asm
                     UEP5   0x000f75       data     extern E:\3.46\pic18-lt\cxx-framework\src\traditional\proc\p18f4550.asm
                 UEP5bits   0x000f75       data     extern E:\3.46\pic18-lt\cxx-framework\src\traditional\proc\p18f4550.asm
                     UEP6   0x000f76       data     extern E:\3.46\pic18-lt\cxx-framework\src\traditional\proc\p18f4550.asm
                 UEP6bits   0x000f76       data     extern E:\3.46\pic18-lt\cxx-framework\src\traditional\proc\p18f4550.asm
                     UEP7   0x000f77       data     extern E:\3.46\pic18-lt\cxx-framework\src\traditional\proc\p18f4550.asm
                 UEP7bits   0x000f77       data     extern E:\3.46\pic18-lt\cxx-framework\src\traditional\proc\p18f4550.asm
                     UEP8   0x000f78       data     extern E:\3.46\pic18-lt\cxx-framework\src\traditional\proc\p18f4550.asm
                 UEP8bits   0x000f78       data     extern E:\3.46\pic18-lt\cxx-framework\src\traditional\proc\p18f4550.asm
                     UEP9   0x000f79       data     extern E:\3.46\pic18-lt\cxx-framework\src\traditional\proc\p18f4550.asm
                 UEP9bits   0x000f79       data     extern E:\3.46\pic18-lt\cxx-framework\src\traditional\proc\p18f4550.asm
                     UFRM   0x000f66       data     extern E:\3.46\pic18-lt\cxx-framework\src\traditional\proc\p18f4550.asm
                    UFRMH   0x000f67       data     extern E:\3.46\pic18-lt\cxx-framework\src\traditional\proc\p18f4550.asm
                UFRMHbits   0x000f67       data     extern E:\3.46\pic18-lt\cxx-framework\src\traditional\proc\p18f4550.asm
                    UFRML   0x000f66       data     extern E:\3.46\pic18-lt\cxx-framework\src\traditional\proc\p18f4550.asm
                UFRMLbits   0x000f66       data     extern E:\3.46\pic18-lt\cxx-framework\src\traditional\proc\p18f4550.asm
                      UIE   0x000f69       data     extern E:\3.46\pic18-lt\cxx-framework\src\traditional\proc\p18f4550.asm
                  UIEbits   0x000f69       data     extern E:\3.46\pic18-lt\cxx-framework\src\traditional\proc\p18f4550.asm
                      UIR   0x000f68       data     extern E:\3.46\pic18-lt\cxx-framework\src\traditional\proc\p18f4550.asm
                  UIRbits   0x000f68       data     extern E:\3.46\pic18-lt\cxx-framework\src\traditional\proc\p18f4550.asm
                    USTAT   0x000f6c       data     extern E:\3.46\pic18-lt\cxx-framework\src\traditional\proc\p18f4550.asm
                USTATbits   0x000f6c       data     extern E:\3.46\pic18-lt\cxx-framework\src\traditional\proc\p18f4550.asm
                   WDTCON   0x000fd1       data     extern E:\3.46\pic18-lt\cxx-framework\src\traditional\proc\p18f4550.asm
               WDTCONbits   0x000fd1       data     extern E:\3.46\pic18-lt\cxx-framework\src\traditional\proc\p18f4550.asm
                     WREG   0x000fe8       data     extern E:\3.46\pic18-lt\cxx-framework\src\traditional\proc\p18f4550.asm
                 __AARGB0   0x000009       data     extern E:\3.46\pic18-lt\cxx-framework\src\traditional\math\aarg.asm
                 __AARGB1   0x000008       data     extern E:\3.46\pic18-lt\cxx-framework\src\traditional\math\aarg.asm
                 __AARGB2   0x000007       data     extern E:\3.46\pic18-lt\cxx-framework\src\traditional\math\aarg.asm
                 __AARGB3   0x000006       data     extern E:\3.46\pic18-lt\cxx-framework\src\traditional\math\aarg.asm
                 __AARGB4   0x000005       data     extern E:\3.46\pic18-lt\cxx-framework\src\traditional\math\aarg.asm
                 __AARGB5   0x000004       data     extern E:\3.46\pic18-lt\cxx-framework\src\traditional\math\aarg.asm
                 __AARGB6   0x000003       data     extern E:\3.46\pic18-lt\cxx-framework\src\traditional\math\aarg.asm
                 __AARGB7   0x000002       data     extern E:\3.46\pic18-lt\cxx-framework\src\traditional\math\aarg.asm
                   __AEXP   0x00000a       data     extern E:\3.46\pic18-lt\cxx-framework\src\traditional\math\aarg.asm
                 __BARGB0   0x00000e       data     extern E:\3.46\pic18-lt\cxx-framework\src\traditional\math\barg.asm
                 __BARGB1   0x00000d       data     extern E:\3.46\pic18-lt\cxx-framework\src\traditional\math\barg.asm
                 __BARGB2   0x00000c       data     extern E:\3.46\pic18-lt\cxx-framework\src\traditional\math\barg.asm
                 __BARGB3   0x00000b       data     extern E:\3.46\pic18-lt\cxx-framework\src\traditional\math\barg.asm
                   __BEXP   0x00000f       data     extern E:\3.46\pic18-lt\cxx-framework\src\traditional\math\barg.asm
                __FPFLAGS   0x000001       data     extern E:\3.46\pic18-lt\cxx-framework\src\traditional\math\cmath18.asm
            __FPFLAGSbits   0x000001       data     extern E:\3.46\pic18-lt\cxx-framework\src\traditional\math\cmath18.asm
     __LCD_write_string:0   0x0001ef       data     extern G:\Download\Sisteme_cu_microprocesoare (1)\Sisteme cu microprocesoare\Proiect_final\Proiect_final\main.c
                  __REMB0   0x000005       data     extern E:\3.46\pic18-lt\cxx-framework\src\traditional\math\aarg.asm
                  __REMB1   0x000004       data     extern E:\3.46\pic18-lt\cxx-framework\src\traditional\math\aarg.asm
                  __REMB2   0x000003       data     extern E:\3.46\pic18-lt\cxx-framework\src\traditional\math\aarg.asm
                  __REMB3   0x000002       data     extern E:\3.46\pic18-lt\cxx-framework\src\traditional\math\aarg.asm
                   __TEMP   0x000013       data     extern E:\3.46\pic18-lt\cxx-framework\src\traditional\math\temparg.asm
                 __TEMPB0   0x000013       data     extern E:\3.46\pic18-lt\cxx-framework\src\traditional\math\temparg.asm
                 __TEMPB1   0x000012       data     extern E:\3.46\pic18-lt\cxx-framework\src\traditional\math\temparg.asm
                 __TEMPB2   0x000011       data     extern E:\3.46\pic18-lt\cxx-framework\src\traditional\math\temparg.asm
                 __TEMPB3   0x000010       data     extern E:\3.46\pic18-lt\cxx-framework\src\traditional\math\temparg.asm
                  __tmp_0   0x00001a       data     static G:\Download\Sisteme_cu_microprocesoare (1)\Sisteme cu microprocesoare\Proiect_final\Proiect_final\main.c
                  __tmp_1   0x000014       data     static G:\Download\Sisteme_cu_microprocesoare (1)\Sisteme cu microprocesoare\Proiect_final\Proiect_final\main.c
                        a   0x0001bb       data     extern G:\Download\Sisteme_cu_microprocesoare (1)\Sisteme cu microprocesoare\Proiect_final\Proiect_final\main.c
                        b   0x0001bf       data     extern G:\Download\Sisteme_cu_microprocesoare (1)\Sisteme cu microprocesoare\Proiect_final\Proiect_final\main.c
                   buffer   0x0001d1       data     extern G:\Download\Sisteme_cu_microprocesoare (1)\Sisteme cu microprocesoare\Proiect_final\Proiect_final\main.c
                        c   0x0001c3       data     extern G:\Download\Sisteme_cu_microprocesoare (1)\Sisteme cu microprocesoare\Proiect_final\Proiect_final\main.c
                  celsius   0x0001b8       data     extern G:\Download\Sisteme_cu_microprocesoare (1)\Sisteme cu microprocesoare\Proiect_final\Proiect_final\main.c
                  counter   0x000100       data     extern G:\Download\Sisteme_cu_microprocesoare (1)\Sisteme cu microprocesoare\Proiect_final\Proiect_final\main.c
                curr_byte   0x0001f4       data     static E:\3.46\pic18-lt\cxx-framework\src\traditional\startup\c018i.c
               curr_entry   0x0001f6       data     static E:\3.46\pic18-lt\cxx-framework\src\traditional\startup\c018i.c
                        d   0x0001c7       data     extern G:\Download\Sisteme_cu_microprocesoare (1)\Sisteme cu microprocesoare\Proiect_final\Proiect_final\main.c
                 data_ptr   0x0001f8       data     static E:\3.46\pic18-lt\cxx-framework\src\traditional\startup\c018i.c
                     flag   0x000104       data     extern G:\Download\Sisteme_cu_microprocesoare (1)\Sisteme cu microprocesoare\Proiect_final\Proiect_final\main.c
                        i   0x00010c       data     extern G:\Download\Sisteme_cu_microprocesoare (1)\Sisteme cu microprocesoare\Proiect_final\Proiect_final\main.c
                    itens   0x0001cf       data     extern G:\Download\Sisteme_cu_microprocesoare (1)\Sisteme cu microprocesoare\Proiect_final\Proiect_final\main.c
                        j   0x000138       data     extern G:\Download\Sisteme_cu_microprocesoare (1)\Sisteme cu microprocesoare\Proiect_final\Proiect_final\main.c
                     msg1   0x00013a       data     extern G:\Download\Sisteme_cu_microprocesoare (1)\Sisteme cu microprocesoare\Proiect_final\Proiect_final\main.c
                    msg10   0x0001a9       data     extern G:\Download\Sisteme_cu_microprocesoare (1)\Sisteme cu microprocesoare\Proiect_final\Proiect_final\main.c
                     msg2   0x000145       data     extern G:\Download\Sisteme_cu_microprocesoare (1)\Sisteme cu microprocesoare\Proiect_final\Proiect_final\main.c
                     msg3   0x000150       data     extern G:\Download\Sisteme_cu_microprocesoare (1)\Sisteme cu microprocesoare\Proiect_final\Proiect_final\main.c
                     msg4   0x00015a       data     extern G:\Download\Sisteme_cu_microprocesoare (1)\Sisteme cu microprocesoare\Proiect_final\Proiect_final\main.c
                     msg5   0x00016b       data     extern G:\Download\Sisteme_cu_microprocesoare (1)\Sisteme cu microprocesoare\Proiect_final\Proiect_final\main.c
                     msg6   0x000179       data     extern G:\Download\Sisteme_cu_microprocesoare (1)\Sisteme cu microprocesoare\Proiect_final\Proiect_final\main.c
                     msg7   0x000183       data     extern G:\Download\Sisteme_cu_microprocesoare (1)\Sisteme cu microprocesoare\Proiect_final\Proiect_final\main.c
                     msg8   0x000187       data     extern G:\Download\Sisteme_cu_microprocesoare (1)\Sisteme cu microprocesoare\Proiect_final\Proiect_final\main.c
                     msg9   0x000198       data     extern G:\Download\Sisteme_cu_microprocesoare (1)\Sisteme cu microprocesoare\Proiect_final\Proiect_final\main.c
                    multi   0x000102       data     extern G:\Download\Sisteme_cu_microprocesoare (1)\Sisteme cu microprocesoare\Proiect_final\Proiect_final\main.c
                        n   0x000108       data     extern G:\Download\Sisteme_cu_microprocesoare (1)\Sisteme cu microprocesoare\Proiect_final\Proiect_final\main.c
                   numere   0x000110       data     extern G:\Download\Sisteme_cu_microprocesoare (1)\Sisteme cu microprocesoare\Proiect_final\Proiect_final\main.c
                numerepct   0x000124       data     extern G:\Download\Sisteme_cu_microprocesoare (1)\Sisteme cu microprocesoare\Proiect_final\Proiect_final\main.c
                     prom   0x0001f1       data     static E:\3.46\pic18-lt\cxx-framework\src\traditional\startup\c018i.c
                   status   0x00010e       data     extern G:\Download\Sisteme_cu_microprocesoare (1)\Sisteme cu microprocesoare\Proiect_final\Proiect_final\main.c
                      str   0x0001ef       data     static G:\Download\Sisteme_cu_microprocesoare (1)\Sisteme cu microprocesoare\Proiect_final\Proiect_final\main.c
                     temp   0x00010a       data     extern G:\Download\Sisteme_cu_microprocesoare (1)\Sisteme cu microprocesoare\Proiect_final\Proiect_final\main.c
                    temps   0x0001ba       data     extern G:\Download\Sisteme_cu_microprocesoare (1)\Sisteme cu microprocesoare\Proiect_final\Proiect_final\main.c
                     tens   0x0001cb       data     extern G:\Download\Sisteme_cu_microprocesoare (1)\Sisteme cu microprocesoare\Proiect_final\Proiect_final\main.c
                     timp   0x0001b9       data     extern G:\Download\Sisteme_cu_microprocesoare (1)\Sisteme cu microprocesoare\Proiect_final\Proiect_final\main.c



                              Symbols - Sorted by Address
                     Name    Address   Location    Storage File                     
                ---------  ---------  ---------  --------- ---------                
                   _entry   0x000000    program     extern E:\3.46\pic18-lt\cxx-framework\src\traditional\startup\c018i.c
       ___return_lbl00000   0x000004    program     static                          
                   __init   0x000006    program     extern E:\3.46\pic18-lt\cxx-framework\src\traditional\stdclib\__init.c
              intrerupere   0x000008    program     extern G:\Download\Sisteme_cu_microprocesoare (1)\Sisteme cu microprocesoare\Proiect_final\Proiect_final\main.c
       ___return_lbl00008   0x00000c    program     static                          
                 adc_init   0x00001c    program     extern G:\Download\Sisteme_cu_microprocesoare (1)\Sisteme cu microprocesoare\Proiect_final\Proiect_final\main.c
              adc_amostra   0x00002a    program     extern G:\Download\Sisteme_cu_microprocesoare (1)\Sisteme cu microprocesoare\Proiect_final\Proiect_final\main.c
                     main   0x00009e    program     extern G:\Download\Sisteme_cu_microprocesoare (1)\Sisteme cu microprocesoare\Proiect_final\Proiect_final\main.c
       rutina_intrerupere   0x000230    program     extern G:\Download\Sisteme_cu_microprocesoare (1)\Sisteme cu microprocesoare\Proiect_final\Proiect_final\main.c
              LCD_command   0x000726    program     extern G:\Download\Sisteme_cu_microprocesoare (1)\Sisteme cu microprocesoare\Proiect_final\Proiect_final\main.c
         LCD_write_string   0x000750    program     extern G:\Download\Sisteme_cu_microprocesoare (1)\Sisteme cu microprocesoare\Proiect_final\Proiect_final\main.c
                  lcddata   0x0007be    program     extern G:\Download\Sisteme_cu_microprocesoare (1)\Sisteme cu microprocesoare\Proiect_final\Proiect_final\main.c
                  msdelay   0x0007e8    program     extern G:\Download\Sisteme_cu_microprocesoare (1)\Sisteme cu microprocesoare\Proiect_final\Proiect_final\main.c
                 FLO1632U   0x00083e    program     extern E:\3.46\pic18-lt\cxx-framework\src\traditional\math\cast16FP.asm
                 FLO1632S   0x000842    program     extern E:\3.46\pic18-lt\cxx-framework\src\traditional\math\cast16FP.asm
                jI2F16Beg   0x000852    program     static E:\3.46\pic18-lt\cxx-framework\src\traditional\math\cast16FP.asm
                    FPD32   0x000868    program     extern E:\3.46\pic18-lt\cxx-framework\src\traditional\math\divFP.asm
                 jANotInf   0x000886    program     static E:\3.46\pic18-lt\cxx-framework\src\traditional\math\divFP.asm
              jSignedZero   0x000890    program     static E:\3.46\pic18-lt\cxx-framework\src\traditional\math\divFP.asm
                jANotZero   0x00089a    program     static E:\3.46\pic18-lt\cxx-framework\src\traditional\math\divFP.asm
                    jLoop   0x0008c2    program     static E:\3.46\pic18-lt\cxx-framework\src\traditional\math\divFP.asm
                jNoAdjust   0x0008e6    program     static E:\3.46\pic18-lt\cxx-framework\src\traditional\math\divFP.asm
                    jNext   0x0008e8    program     static E:\3.46\pic18-lt\cxx-framework\src\traditional\math\divFP.asm
                    FPM32   0x00090e    program     extern E:\3.46\pic18-lt\cxx-framework\src\traditional\math\mulFP.asm
                 jANotInf   0x00092c    program     static E:\3.46\pic18-lt\cxx-framework\src\traditional\math\mulFP.asm
              jBothFinite   0x00093a    program     static E:\3.46\pic18-lt\cxx-framework\src\traditional\math\mulFP.asm
                jHaveZero   0x000942    program     static E:\3.46\pic18-lt\cxx-framework\src\traditional\math\mulFP.asm
             jBothNotZero   0x000946    program     static E:\3.46\pic18-lt\cxx-framework\src\traditional\math\mulFP.asm
                 FXD1616S   0x0009e8    program     extern E:\3.46\pic18-lt\cxx-framework\src\traditional\math\fxd1616s.asm
                  DA1616S   0x0009fa    program     static E:\3.46\pic18-lt\cxx-framework\src\traditional\math\fxd1616s.asm
                   D1616S   0x000a0a    program     static E:\3.46\pic18-lt\cxx-framework\src\traditional\math\fxd1616s.asm
                 D1616SOK   0x000a14    program     static E:\3.46\pic18-lt\cxx-framework\src\traditional\math\fxd1616s.asm
                D1616SNEG   0x000a18    program     static E:\3.46\pic18-lt\cxx-framework\src\traditional\math\fxd1616s.asm
                  D1616SX   0x000a2a    program     static E:\3.46\pic18-lt\cxx-framework\src\traditional\math\fxd1616s.asm
                  INT3216   0x000a34    program     extern E:\3.46\pic18-lt\cxx-framework\src\traditional\math\castFP16.asm
                     jMax   0x000a44    program     static E:\3.46\pic18-lt\cxx-framework\src\traditional\math\castFP16.asm
                  jMaxPos   0x000a48    program     static E:\3.46\pic18-lt\cxx-framework\src\traditional\math\castFP16.asm
                  jMaxNeg   0x000a52    program     static E:\3.46\pic18-lt\cxx-framework\src\traditional\math\castFP16.asm
                    jZero   0x000a5a    program     static E:\3.46\pic18-lt\cxx-framework\src\traditional\math\castFP16.asm
                  jNotInf   0x000a60    program     static E:\3.46\pic18-lt\cxx-framework\src\traditional\math\castFP16.asm
                    jLoop   0x000a70    program     static E:\3.46\pic18-lt\cxx-framework\src\traditional\math\castFP16.asm
                jLoopExit   0x000a80    program     static E:\3.46\pic18-lt\cxx-framework\src\traditional\math\castFP16.asm
                    jExit   0x000a90    program     static E:\3.46\pic18-lt\cxx-framework\src\traditional\math\castFP16.asm
            __FpReturnNaN   0x000a92    program     extern E:\3.46\pic18-lt\cxx-framework\src\traditional\math\packFP.asm
                 __FpExit   0x000a9e    program     extern E:\3.46\pic18-lt\cxx-framework\src\traditional\math\packFP.asm
        __FpReturnSignInf   0x000aa0    program     extern E:\3.46\pic18-lt\cxx-framework\src\traditional\math\packFP.asm
         __FpReturnNegInf   0x000aa4    program     extern E:\3.46\pic18-lt\cxx-framework\src\traditional\math\packFP.asm
         __FpReturnPosInf   0x000aaa    program     extern E:\3.46\pic18-lt\cxx-framework\src\traditional\math\packFP.asm
           jReturnPosInf0   0x000aae    program     static E:\3.46\pic18-lt\cxx-framework\src\traditional\math\packFP.asm
               jZero1and2   0x000ab2    program     static E:\3.46\pic18-lt\cxx-framework\src\traditional\math\packFP.asm
       __FpReturnSignZero   0x000ab8    program     extern E:\3.46\pic18-lt\cxx-framework\src\traditional\math\packFP.asm
        __FpReturnNegZero   0x000abc    program     extern E:\3.46\pic18-lt\cxx-framework\src\traditional\math\packFP.asm
        __FpReturnPosZero   0x000ac4    program     extern E:\3.46\pic18-lt\cxx-framework\src\traditional\math\packFP.asm
                 __FpPack   0x000aca    program     extern E:\3.46\pic18-lt\cxx-framework\src\traditional\math\packFP.asm
                  jPkLoop   0x000ad8    program     static E:\3.46\pic18-lt\cxx-framework\src\traditional\math\packFP.asm
             jPkShiftDone   0x000af4    program     static E:\3.46\pic18-lt\cxx-framework\src\traditional\math\packFP.asm
               jPkRoundIt   0x000b0a    program     static E:\3.46\pic18-lt\cxx-framework\src\traditional\math\packFP.asm
              __FpReturnW   0x000b22    program     extern E:\3.46\pic18-lt\cxx-framework\src\traditional\math\packFP.asm
             jPkRoundDone   0x000b22    program     static E:\3.46\pic18-lt\cxx-framework\src\traditional\math\packFP.asm
              __FpUnPackA   0x000b42    program     extern E:\3.46\pic18-lt\cxx-framework\src\traditional\math\UnpackFP.asm
                  jUnpkA1   0x000b4c    program     static E:\3.46\pic18-lt\cxx-framework\src\traditional\math\UnpackFP.asm
                 jUnpkANZ   0x000b5a    program     static E:\3.46\pic18-lt\cxx-framework\src\traditional\math\UnpackFP.asm
                  jUnpkA2   0x000b64    program     static E:\3.46\pic18-lt\cxx-framework\src\traditional\math\UnpackFP.asm
                 jUnpkNaN   0x000b6e    program     static E:\3.46\pic18-lt\cxx-framework\src\traditional\math\UnpackFP.asm
              __FpUnPackB   0x000b72    program     extern E:\3.46\pic18-lt\cxx-framework\src\traditional\math\UnpackFP.asm
                  jUnpkB1   0x000b7c    program     static E:\3.46\pic18-lt\cxx-framework\src\traditional\math\UnpackFP.asm
                 jUnpkBNZ   0x000b8a    program     static E:\3.46\pic18-lt\cxx-framework\src\traditional\math\UnpackFP.asm
                  jUnpkB2   0x000b94    program     static E:\3.46\pic18-lt\cxx-framework\src\traditional\math\UnpackFP.asm
                     itoa   0x000b9e    program     extern E:\3.46\pic18-lt\cxx-framework\src\traditional\stdclib\itoa.asm
                jTstSign1   0x000bca    program     static E:\3.46\pic18-lt\cxx-framework\src\traditional\stdclib\itoa.asm
                     jDo5   0x000c14    program     static E:\3.46\pic18-lt\cxx-framework\src\traditional\stdclib\itoa.asm
                     jDo4   0x000c18    program     static E:\3.46\pic18-lt\cxx-framework\src\traditional\stdclib\itoa.asm
                     jDo3   0x000c1c    program     static E:\3.46\pic18-lt\cxx-framework\src\traditional\stdclib\itoa.asm
                     jDo2   0x000c20    program     static E:\3.46\pic18-lt\cxx-framework\src\traditional\stdclib\itoa.asm
                     jDo1   0x000c24    program     static E:\3.46\pic18-lt\cxx-framework\src\traditional\stdclib\itoa.asm
                 TstUpper   0x000c58    program     static E:\3.46\pic18-lt\cxx-framework\src\traditional\stdclib\itoa.asm
                 TstLower   0x000c5e    program     static E:\3.46\pic18-lt\cxx-framework\src\traditional\stdclib\itoa.asm
                jTstLowZ1   0x000c68    program     static E:\3.46\pic18-lt\cxx-framework\src\traditional\stdclib\itoa.asm
                ProcUpper   0x000c6a    program     static E:\3.46\pic18-lt\cxx-framework\src\traditional\stdclib\itoa.asm
                ProcLower   0x000c74    program     static E:\3.46\pic18-lt\cxx-framework\src\traditional\stdclib\itoa.asm
                   itoBCD   0x000c7e    program     extern E:\3.46\pic18-lt\cxx-framework\src\traditional\stdclib\itobcd.asm
                    jLoop   0x000c96    program     static E:\3.46\pic18-lt\cxx-framework\src\traditional\stdclib\itobcd.asm
                     jEnd   0x000cbc    program     static E:\3.46\pic18-lt\cxx-framework\src\traditional\stdclib\itobcd.asm
                  OneByte   0x000cc0    program     static E:\3.46\pic18-lt\cxx-framework\src\traditional\stdclib\itobcd.asm
                _do_cinit   0x000cd2    program     extern E:\3.46\pic18-lt\cxx-framework\src\traditional\startup\c018i.c
                     test   0x000cec    program     static                          
                copy_loop   0x000d44    program     static                          
            copy_one_byte   0x000d4a    program     static                          
             done_copying   0x000d58    program     static                          
       ___return_lbl00002   0x000d6e    program     static                          
                     done   0x000d6e    program     static                          
                 FXD1616U   0x000d70    program     extern E:\3.46\pic18-lt\cxx-framework\src\traditional\math\fxd1616u.c
                     loop   0x000d7a    program     static                          
                  endloop   0x000d96    program     static                          
       ___return_lbl00000   0x000d9a    program     static                          
            __zero_memory   0x000d9c    program     extern E:\3.46\pic18-lt\cxx-framework\src\traditional\proc\p18f4550.asm
                   loop_h   0x000daa    program     static E:\3.46\pic18-lt\cxx-framework\src\traditional\proc\p18f4550.asm
               zero_block   0x000daa    program     static E:\3.46\pic18-lt\cxx-framework\src\traditional\proc\p18f4550.asm
                compare_l   0x000db2    program     static E:\3.46\pic18-lt\cxx-framework\src\traditional\proc\p18f4550.asm
                   loop_l   0x000db4    program     static E:\3.46\pic18-lt\cxx-framework\src\traditional\proc\p18f4550.asm
                 _startup   0x000dbc    program     extern E:\3.46\pic18-lt\cxx-framework\src\traditional\startup\c018i.c
                     loop   0x000dcc    program     static                          
       ___return_lbl00001   0x000dd6    program     static                          
             Delay100TCYx   0x000dd8    program     extern E:\3.46\pic18-lt\cxx-framework\src\traditional\delays\d100tcyx.asm
       _D100TCYXCODE_0008   0x000de0    program     static E:\3.46\pic18-lt\cxx-framework\src\traditional\delays\d100tcyx.asm
                    D100x   0x000de4    program     static E:\3.46\pic18-lt\cxx-framework\src\traditional\delays\d100tcyx.asm
                   D100_1   0x000de6    program     static E:\3.46\pic18-lt\cxx-framework\src\traditional\delays\d100tcyx.asm
       _D100TCYXCODE_0012   0x000dea    program     static E:\3.46\pic18-lt\cxx-framework\src\traditional\delays\d100tcyx.asm
       _D100TCYXCODE_0018   0x000df0    program     static E:\3.46\pic18-lt\cxx-framework\src\traditional\delays\d100tcyx.asm
              __string_10   0x000df4    program     static G:\Download\Sisteme_cu_microprocesoare (1)\Sisteme cu microprocesoare\Proiect_final\Proiect_final\main.c
                     SIGN   0x000000       data     extern E:\3.46\pic18-lt\cxx-framework\src\traditional\math\cmath18.asm
                __FPFLAGS   0x000001       data     extern E:\3.46\pic18-lt\cxx-framework\src\traditional\math\cmath18.asm
            __FPFLAGSbits   0x000001       data     extern E:\3.46\pic18-lt\cxx-framework\src\traditional\math\cmath18.asm
                 __AARGB7   0x000002       data     extern E:\3.46\pic18-lt\cxx-framework\src\traditional\math\aarg.asm
                  __REMB3   0x000002       data     extern E:\3.46\pic18-lt\cxx-framework\src\traditional\math\aarg.asm
                 __AARGB6   0x000003       data     extern E:\3.46\pic18-lt\cxx-framework\src\traditional\math\aarg.asm
                  __REMB2   0x000003       data     extern E:\3.46\pic18-lt\cxx-framework\src\traditional\math\aarg.asm
                 __AARGB5   0x000004       data     extern E:\3.46\pic18-lt\cxx-framework\src\traditional\math\aarg.asm
                  __REMB1   0x000004       data     extern E:\3.46\pic18-lt\cxx-framework\src\traditional\math\aarg.asm
                 __AARGB4   0x000005       data     extern E:\3.46\pic18-lt\cxx-framework\src\traditional\math\aarg.asm
                  __REMB0   0x000005       data     extern E:\3.46\pic18-lt\cxx-framework\src\traditional\math\aarg.asm
                 __AARGB3   0x000006       data     extern E:\3.46\pic18-lt\cxx-framework\src\traditional\math\aarg.asm
                 __AARGB2   0x000007       data     extern E:\3.46\pic18-lt\cxx-framework\src\traditional\math\aarg.asm
                 __AARGB1   0x000008       data     extern E:\3.46\pic18-lt\cxx-framework\src\traditional\math\aarg.asm
                 __AARGB0   0x000009       data     extern E:\3.46\pic18-lt\cxx-framework\src\traditional\math\aarg.asm
                   __AEXP   0x00000a       data     extern E:\3.46\pic18-lt\cxx-framework\src\traditional\math\aarg.asm
                 __BARGB3   0x00000b       data     extern E:\3.46\pic18-lt\cxx-framework\src\traditional\math\barg.asm
                 __BARGB2   0x00000c       data     extern E:\3.46\pic18-lt\cxx-framework\src\traditional\math\barg.asm
                 __BARGB1   0x00000d       data     extern E:\3.46\pic18-lt\cxx-framework\src\traditional\math\barg.asm
                 __BARGB0   0x00000e       data     extern E:\3.46\pic18-lt\cxx-framework\src\traditional\math\barg.asm
                   __BEXP   0x00000f       data     extern E:\3.46\pic18-lt\cxx-framework\src\traditional\math\barg.asm
                 __TEMPB3   0x000010       data     extern E:\3.46\pic18-lt\cxx-framework\src\traditional\math\temparg.asm
                 __TEMPB2   0x000011       data     extern E:\3.46\pic18-lt\cxx-framework\src\traditional\math\temparg.asm
                 __TEMPB1   0x000012       data     extern E:\3.46\pic18-lt\cxx-framework\src\traditional\math\temparg.asm
                   __TEMP   0x000013       data     extern E:\3.46\pic18-lt\cxx-framework\src\traditional\math\temparg.asm
                 __TEMPB0   0x000013       data     extern E:\3.46\pic18-lt\cxx-framework\src\traditional\math\temparg.asm
                  __tmp_1   0x000014       data     static G:\Download\Sisteme_cu_microprocesoare (1)\Sisteme cu microprocesoare\Proiect_final\Proiect_final\main.c
                  __tmp_0   0x00001a       data     static G:\Download\Sisteme_cu_microprocesoare (1)\Sisteme cu microprocesoare\Proiect_final\Proiect_final\main.c
            DelayCounter1   0x00001e       data     extern E:\3.46\pic18-lt\cxx-framework\src\traditional\delays\delayd1.asm
                  counter   0x000100       data     extern G:\Download\Sisteme_cu_microprocesoare (1)\Sisteme cu microprocesoare\Proiect_final\Proiect_final\main.c
                    multi   0x000102       data     extern G:\Download\Sisteme_cu_microprocesoare (1)\Sisteme cu microprocesoare\Proiect_final\Proiect_final\main.c
                     flag   0x000104       data     extern G:\Download\Sisteme_cu_microprocesoare (1)\Sisteme cu microprocesoare\Proiect_final\Proiect_final\main.c
                      Rez   0x000106       data     extern G:\Download\Sisteme_cu_microprocesoare (1)\Sisteme cu microprocesoare\Proiect_final\Proiect_final\main.c
                        n   0x000108       data     extern G:\Download\Sisteme_cu_microprocesoare (1)\Sisteme cu microprocesoare\Proiect_final\Proiect_final\main.c
                     temp   0x00010a       data     extern G:\Download\Sisteme_cu_microprocesoare (1)\Sisteme cu microprocesoare\Proiect_final\Proiect_final\main.c
                        i   0x00010c       data     extern G:\Download\Sisteme_cu_microprocesoare (1)\Sisteme cu microprocesoare\Proiect_final\Proiect_final\main.c
                   status   0x00010e       data     extern G:\Download\Sisteme_cu_microprocesoare (1)\Sisteme cu microprocesoare\Proiect_final\Proiect_final\main.c
                   numere   0x000110       data     extern G:\Download\Sisteme_cu_microprocesoare (1)\Sisteme cu microprocesoare\Proiect_final\Proiect_final\main.c
                numerepct   0x000124       data     extern G:\Download\Sisteme_cu_microprocesoare (1)\Sisteme cu microprocesoare\Proiect_final\Proiect_final\main.c
                        j   0x000138       data     extern G:\Download\Sisteme_cu_microprocesoare (1)\Sisteme cu microprocesoare\Proiect_final\Proiect_final\main.c
                     msg1   0x00013a       data     extern G:\Download\Sisteme_cu_microprocesoare (1)\Sisteme cu microprocesoare\Proiect_final\Proiect_final\main.c
                     msg2   0x000145       data     extern G:\Download\Sisteme_cu_microprocesoare (1)\Sisteme cu microprocesoare\Proiect_final\Proiect_final\main.c
                     msg3   0x000150       data     extern G:\Download\Sisteme_cu_microprocesoare (1)\Sisteme cu microprocesoare\Proiect_final\Proiect_final\main.c
                     msg4   0x00015a       data     extern G:\Download\Sisteme_cu_microprocesoare (1)\Sisteme cu microprocesoare\Proiect_final\Proiect_final\main.c
                     msg5   0x00016b       data     extern G:\Download\Sisteme_cu_microprocesoare (1)\Sisteme cu microprocesoare\Proiect_final\Proiect_final\main.c
                     msg6   0x000179       data     extern G:\Download\Sisteme_cu_microprocesoare (1)\Sisteme cu microprocesoare\Proiect_final\Proiect_final\main.c
                     msg7   0x000183       data     extern G:\Download\Sisteme_cu_microprocesoare (1)\Sisteme cu microprocesoare\Proiect_final\Proiect_final\main.c
                     msg8   0x000187       data     extern G:\Download\Sisteme_cu_microprocesoare (1)\Sisteme cu microprocesoare\Proiect_final\Proiect_final\main.c
                     msg9   0x000198       data     extern G:\Download\Sisteme_cu_microprocesoare (1)\Sisteme cu microprocesoare\Proiect_final\Proiect_final\main.c
                    msg10   0x0001a9       data     extern G:\Download\Sisteme_cu_microprocesoare (1)\Sisteme cu microprocesoare\Proiect_final\Proiect_final\main.c
                  celsius   0x0001b8       data     extern G:\Download\Sisteme_cu_microprocesoare (1)\Sisteme cu microprocesoare\Proiect_final\Proiect_final\main.c
                     timp   0x0001b9       data     extern G:\Download\Sisteme_cu_microprocesoare (1)\Sisteme cu microprocesoare\Proiect_final\Proiect_final\main.c
                    temps   0x0001ba       data     extern G:\Download\Sisteme_cu_microprocesoare (1)\Sisteme cu microprocesoare\Proiect_final\Proiect_final\main.c
                        a   0x0001bb       data     extern G:\Download\Sisteme_cu_microprocesoare (1)\Sisteme cu microprocesoare\Proiect_final\Proiect_final\main.c
                        b   0x0001bf       data     extern G:\Download\Sisteme_cu_microprocesoare (1)\Sisteme cu microprocesoare\Proiect_final\Proiect_final\main.c
                        c   0x0001c3       data     extern G:\Download\Sisteme_cu_microprocesoare (1)\Sisteme cu microprocesoare\Proiect_final\Proiect_final\main.c
                        d   0x0001c7       data     extern G:\Download\Sisteme_cu_microprocesoare (1)\Sisteme cu microprocesoare\Proiect_final\Proiect_final\main.c
                     tens   0x0001cb       data     extern G:\Download\Sisteme_cu_microprocesoare (1)\Sisteme cu microprocesoare\Proiect_final\Proiect_final\main.c
[...]
                     DDRC   0x000f94       data     extern E:\3.46\pic18-lt\cxx-framework\src\traditional\proc\p18f4550.asm
                    TRISD   0x000f95       data     extern E:\3.46\pic18-lt\cxx-framework\src\traditional\proc\p18f4550.asm
                 DDRDbits   0x000f95       data     extern E:\3.46\pic18-lt\cxx-framework\src\traditional\proc\p18f4550.asm
                     DDRD   0x000f95       data     extern E:\3.46\pic18-lt\cxx-framework\src\traditional\proc\p18f4550.asm
                TRISDbits   0x000f95       data     extern E:\3.46\pic18-lt\cxx-framework\src\traditional\proc\p18f4550.asm
                TRISEbits   0x000f96       data     extern E:\3.46\pic18-lt\cxx-framework\src\traditional\proc\p18f4550.asm
                    TRISE   0x000f96       data     extern E:\3.46\pic18-lt\cxx-framework\src\traditional\proc\p18f4550.asm
                     DDRE   0x000f96       data     extern E:\3.46\pic18-lt\cxx-framework\src\traditional\proc\p18f4550.asm
                 DDREbits   0x000f96       data     extern E:\3.46\pic18-lt\cxx-framework\src\traditional\proc\p18f4550.asm
              OSCTUNEbits   0x000f9b       data     extern E:\3.46\pic18-lt\cxx-framework\src\traditional\proc\p18f4550.asm
                  OSCTUNE   0x000f9b       data     extern E:\3.46\pic18-lt\cxx-framework\src\traditional\proc\p18f4550.asm
                 PIE1bits   0x000f9d       data     extern E:\3.46\pic18-lt\cxx-framework\src\traditional\proc\p18f4550.asm
                     PIE1   0x000f9d       data     extern E:\3.46\pic18-lt\cxx-framework\src\traditional\proc\p18f4550.asm
                 PIR1bits   0x000f9e       data     extern E:\3.46\pic18-lt\cxx-framework\src\traditional\proc\p18f4550.asm
                     PIR1   0x000f9e       data     extern E:\3.46\pic18-lt\cxx-framework\src\traditional\proc\p18f4550.asm
                     IPR1   0x000f9f       data     extern E:\3.46\pic18-lt\cxx-framework\src\traditional\proc\p18f4550.asm
                 IPR1bits   0x000f9f       data     extern E:\3.46\pic18-lt\cxx-framework\src\traditional\proc\p18f4550.asm
                 PIE2bits   0x000fa0       data     extern E:\3.46\pic18-lt\cxx-framework\src\traditional\proc\p18f4550.asm
                     PIE2   0x000fa0       data     extern E:\3.46\pic18-lt\cxx-framework\src\traditional\proc\p18f4550.asm
                     PIR2   0x000fa1       data     extern E:\3.46\pic18-lt\cxx-framework\src\traditional\proc\p18f4550.asm
                 PIR2bits   0x000fa1       data     extern E:\3.46\pic18-lt\cxx-framework\src\traditional\proc\p18f4550.asm
                 IPR2bits   0x000fa2       data     extern E:\3.46\pic18-lt\cxx-framework\src\traditional\proc\p18f4550.asm
                     IPR2   0x000fa2       data     extern E:\3.46\pic18-lt\cxx-framework\src\traditional\proc\p18f4550.asm
               EECON1bits   0x000fa6       data     extern E:\3.46\pic18-lt\cxx-framework\src\traditional\proc\p18f4550.asm
                   EECON1   0x000fa6       data     extern E:\3.46\pic18-lt\cxx-framework\src\traditional\proc\p18f4550.asm
                   EECON2   0x000fa7       data     extern E:\3.46\pic18-lt\cxx-framework\src\traditional\proc\p18f4550.asm
                   EEDATA   0x000fa8       data     extern E:\3.46\pic18-lt\cxx-framework\src\traditional\proc\p18f4550.asm
                    EEADR   0x000fa9       data     extern E:\3.46\pic18-lt\cxx-framework\src\traditional\proc\p18f4550.asm
                RCSTAbits   0x000fab       data     extern E:\3.46\pic18-lt\cxx-framework\src\traditional\proc\p18f4550.asm
                    RCSTA   0x000fab       data     extern E:\3.46\pic18-lt\cxx-framework\src\traditional\proc\p18f4550.asm
                    TXSTA   0x000fac       data     extern E:\3.46\pic18-lt\cxx-framework\src\traditional\proc\p18f4550.asm
                TXSTAbits   0x000fac       data     extern E:\3.46\pic18-lt\cxx-framework\src\traditional\proc\p18f4550.asm
                    TXREG   0x000fad       data     extern E:\3.46\pic18-lt\cxx-framework\src\traditional\proc\p18f4550.asm
                    RCREG   0x000fae       data     extern E:\3.46\pic18-lt\cxx-framework\src\traditional\proc\p18f4550.asm
                    SPBRG   0x000faf       data     extern E:\3.46\pic18-lt\cxx-framework\src\traditional\proc\p18f4550.asm
                   SPBRGH   0x000fb0       data     extern E:\3.46\pic18-lt\cxx-framework\src\traditional\proc\p18f4550.asm
                    T3CON   0x000fb1       data     extern E:\3.46\pic18-lt\cxx-framework\src\traditional\proc\p18f4550.asm
                T3CONbits   0x000fb1       data     extern E:\3.46\pic18-lt\cxx-framework\src\traditional\proc\p18f4550.asm
                    TMR3L   0x000fb2       data     extern E:\3.46\pic18-lt\cxx-framework\src\traditional\proc\p18f4550.asm
                    TMR3H   0x000fb3       data     extern E:\3.46\pic18-lt\cxx-framework\src\traditional\proc\p18f4550.asm
                CMCONbits   0x000fb4       data     extern E:\3.46\pic18-lt\cxx-framework\src\traditional\proc\p18f4550.asm
                    CMCON   0x000fb4       data     extern E:\3.46\pic18-lt\cxx-framework\src\traditional\proc\p18f4550.asm
               CVRCONbits   0x000fb5       data     extern E:\3.46\pic18-lt\cxx-framework\src\traditional\proc\p18f4550.asm
                   CVRCON   0x000fb5       data     extern E:\3.46\pic18-lt\cxx-framework\src\traditional\proc\p18f4550.asm
              ECCP1ASbits   0x000fb6       data     extern E:\3.46\pic18-lt\cxx-framework\src\traditional\proc\p18f4550.asm
                  ECCP1AS   0x000fb6       data     extern E:\3.46\pic18-lt\cxx-framework\src\traditional\proc\p18f4550.asm
               CCP1ASbits   0x000fb6       data     extern E:\3.46\pic18-lt\cxx-framework\src\traditional\proc\p18f4550.asm
                   CCP1AS   0x000fb6       data     extern E:\3.46\pic18-lt\cxx-framework\src\traditional\proc\p18f4550.asm
             ECCP1DELbits   0x000fb7       data     extern E:\3.46\pic18-lt\cxx-framework\src\traditional\proc\p18f4550.asm
                 ECCP1DEL   0x000fb7       data     extern E:\3.46\pic18-lt\cxx-framework\src\traditional\proc\p18f4550.asm
              CCP1DELbits   0x000fb7       data     extern E:\3.46\pic18-lt\cxx-framework\src\traditional\proc\p18f4550.asm
                  CCP1DEL   0x000fb7       data     extern E:\3.46\pic18-lt\cxx-framework\src\traditional\proc\p18f4550.asm
              BAUDCONbits   0x000fb8       data     extern E:\3.46\pic18-lt\cxx-framework\src\traditional\proc\p18f4550.asm
                  BAUDCTL   0x000fb8       data     extern E:\3.46\pic18-lt\cxx-framework\src\traditional\proc\p18f4550.asm
              BAUDCTLbits   0x000fb8       data     extern E:\3.46\pic18-lt\cxx-framework\src\traditional\proc\p18f4550.asm
                  BAUDCON   0x000fb8       data     extern E:\3.46\pic18-lt\cxx-framework\src\traditional\proc\p18f4550.asm
                  CCP2CON   0x000fba       data     extern E:\3.46\pic18-lt\cxx-framework\src\traditional\proc\p18f4550.asm
              CCP2CONbits   0x000fba       data     extern E:\3.46\pic18-lt\cxx-framework\src\traditional\proc\p18f4550.asm
                    CCPR2   0x000fbb       data     extern E:\3.46\pic18-lt\cxx-framework\src\traditional\proc\p18f4550.asm
                   CCPR2L   0x000fbb       data     extern E:\3.46\pic18-lt\cxx-framework\src\traditional\proc\p18f4550.asm
                   CCPR2H   0x000fbc       data     extern E:\3.46\pic18-lt\cxx-framework\src\traditional\proc\p18f4550.asm
                  CCP1CON   0x000fbd       data     extern E:\3.46\pic18-lt\cxx-framework\src\traditional\proc\p18f4550.asm
              CCP1CONbits   0x000fbd       data     extern E:\3.46\pic18-lt\cxx-framework\src\traditional\proc\p18f4550.asm
                 ECCP1CON   0x000fbd       data     extern E:\3.46\pic18-lt\cxx-framework\src\traditional\proc\p18f4550.asm
             ECCP1CONbits   0x000fbd       data     extern E:\3.46\pic18-lt\cxx-framework\src\traditional\proc\p18f4550.asm
                   CCPR1L   0x000fbe       data     extern E:\3.46\pic18-lt\cxx-framework\src\traditional\proc\p18f4550.asm
                    CCPR1   0x000fbe       data     extern E:\3.46\pic18-lt\cxx-framework\src\traditional\proc\p18f4550.asm
                   CCPR1H   0x000fbf       data     extern E:\3.46\pic18-lt\cxx-framework\src\traditional\proc\p18f4550.asm
               ADCON2bits   0x000fc0       data     extern E:\3.46\pic18-lt\cxx-framework\src\traditional\proc\p18f4550.asm
                   ADCON2   0x000fc0       data     extern E:\3.46\pic18-lt\cxx-framework\src\traditional\proc\p18f4550.asm
               ADCON1bits   0x000fc1       data     extern E:\3.46\pic18-lt\cxx-framework\src\traditional\proc\p18f4550.asm
                   ADCON1   0x000fc1       data     extern E:\3.46\pic18-lt\cxx-framework\src\traditional\proc\p18f4550.asm
                   ADCON0   0x000fc2       data     extern E:\3.46\pic18-lt\cxx-framework\src\traditional\proc\p18f4550.asm
               ADCON0bits   0x000fc2       data     extern E:\3.46\pic18-lt\cxx-framework\src\traditional\proc\p18f4550.asm
                    ADRES   0x000fc3       data     extern E:\3.46\pic18-lt\cxx-framework\src\traditional\proc\p18f4550.asm
                   ADRESL   0x000fc3       data     extern E:\3.46\pic18-lt\cxx-framework\src\traditional\proc\p18f4550.asm
                   ADRESH   0x000fc4       data     extern E:\3.46\pic18-lt\cxx-framework\src\traditional\proc\p18f4550.asm
                  SSPCON2   0x000fc5       data     extern E:\3.46\pic18-lt\cxx-framework\src\traditional\proc\p18f4550.asm
              SSPCON2bits   0x000fc5       data     extern E:\3.46\pic18-lt\cxx-framework\src\traditional\proc\p18f4550.asm
                  SSPCON1   0x000fc6       data     extern E:\3.46\pic18-lt\cxx-framework\src\traditional\proc\p18f4550.asm
              SSPCON1bits   0x000fc6       data     extern E:\3.46\pic18-lt\cxx-framework\src\traditional\proc\p18f4550.asm
                  SSPSTAT   0x000fc7       data     extern E:\3.46\pic18-lt\cxx-framework\src\traditional\proc\p18f4550.asm
              SSPSTATbits   0x000fc7       data     extern E:\3.46\pic18-lt\cxx-framework\src\traditional\proc\p18f4550.asm
                   SSPADD   0x000fc8       data     extern E:\3.46\pic18-lt\cxx-framework\src\traditional\proc\p18f4550.asm
                   SSPBUF   0x000fc9       data     extern E:\3.46\pic18-lt\cxx-framework\src\traditional\proc\p18f4550.asm
                T2CONbits   0x000fca       data     extern E:\3.46\pic18-lt\cxx-framework\src\traditional\proc\p18f4550.asm
                    T2CON   0x000fca       data     extern E:\3.46\pic18-lt\cxx-framework\src\traditional\proc\p18f4550.asm
                      PR2   0x000fcb       data     extern E:\3.46\pic18-lt\cxx-framework\src\traditional\proc\p18f4550.asm
                     TMR2   0x000fcc       data     extern E:\3.46\pic18-lt\cxx-framework\src\traditional\proc\p18f4550.asm
                T1CONbits   0x000fcd       data     extern E:\3.46\pic18-lt\cxx-framework\src\traditional\proc\p18f4550.asm
                    T1CON   0x000fcd       data     extern E:\3.46\pic18-lt\cxx-framework\src\traditional\proc\p18f4550.asm
                    TMR1L   0x000fce       data     extern E:\3.46\pic18-lt\cxx-framework\src\traditional\proc\p18f4550.asm
                    TMR1H   0x000fcf       data     extern E:\3.46\pic18-lt\cxx-framework\src\traditional\proc\p18f4550.asm
                     RCON   0x000fd0       data     extern E:\3.46\pic18-lt\cxx-framework\src\traditional\proc\p18f4550.asm
                 RCONbits   0x000fd0       data     extern E:\3.46\pic18-lt\cxx-framework\src\traditional\proc\p18f4550.asm
                   WDTCON   0x000fd1       data     extern E:\3.46\pic18-lt\cxx-framework\src\traditional\proc\p18f4550.asm
               WDTCONbits   0x000fd1       data     extern E:\3.46\pic18-lt\cxx-framework\src\traditional\proc\p18f4550.asm
               LVDCONbits   0x000fd2       data     extern E:\3.46\pic18-lt\cxx-framework\src\traditional\proc\p18f4550.asm
                   LVDCON   0x000fd2       data     extern E:\3.46\pic18-lt\cxx-framework\src\traditional\proc\p18f4550.asm
              HLVDCONbits   0x000fd2       data     extern E:\3.46\pic18-lt\cxx-framework\src\traditional\proc\p18f4550.asm
                  HLVDCON   0x000fd2       data     extern E:\3.46\pic18-lt\cxx-framework\src\traditional\proc\p18f4550.asm
               OSCCONbits   0x000fd3       data     extern E:\3.46\pic18-lt\cxx-framework\src\traditional\proc\p18f4550.asm
                   OSCCON   0x000fd3       data     extern E:\3.46\pic18-lt\cxx-framework\src\traditional\proc\p18f4550.asm
                    T0CON   0x000fd5       data     extern E:\3.46\pic18-lt\cxx-framework\src\traditional\proc\p18f4550.asm
                T0CONbits   0x000fd5       data     extern E:\3.46\pic18-lt\cxx-framework\src\traditional\proc\p18f4550.asm
                    TMR0L   0x000fd6       data     extern E:\3.46\pic18-lt\cxx-framework\src\traditional\proc\p18f4550.asm
                    TMR0H   0x000fd7       data     extern E:\3.46\pic18-lt\cxx-framework\src\traditional\proc\p18f4550.asm
               STATUSbits   0x000fd8       data     extern E:\3.46\pic18-lt\cxx-framework\src\traditional\proc\p18f4550.asm
                   STATUS   0x000fd8       data     extern E:\3.46\pic18-lt\cxx-framework\src\traditional\proc\p18f4550.asm
                    FSR2L   0x000fd9       data     extern E:\3.46\pic18-lt\cxx-framework\src\traditional\proc\p18f4550.asm
                     FSR2   0x000fd9       data     extern E:\3.46\pic18-lt\cxx-framework\src\traditional\proc\p18f4550.asm
                    FSR2H   0x000fda       data     extern E:\3.46\pic18-lt\cxx-framework\src\traditional\proc\p18f4550.asm
                   PLUSW2   0x000fdb       data     extern E:\3.46\pic18-lt\cxx-framework\src\traditional\proc\p18f4550.asm
                  PREINC2   0x000fdc       data     extern E:\3.46\pic18-lt\cxx-framework\src\traditional\proc\p18f4550.asm
                 POSTDEC2   0x000fdd       data     extern E:\3.46\pic18-lt\cxx-framework\src\traditional\proc\p18f4550.asm
                 POSTINC2   0x000fde       data     extern E:\3.46\pic18-lt\cxx-framework\src\traditional\proc\p18f4550.asm
                    INDF2   0x000fdf       data     extern E:\3.46\pic18-lt\cxx-framework\src\traditional\proc\p18f4550.asm
                      BSR   0x000fe0       data     extern E:\3.46\pic18-lt\cxx-framework\src\traditional\proc\p18f4550.asm
                     FSR1   0x000fe1       data     extern E:\3.46\pic18-lt\cxx-framework\src\traditional\proc\p18f4550.asm
                    FSR1L   0x000fe1       data     extern E:\3.46\pic18-lt\cxx-framework\src\traditional\proc\p18f4550.asm
                    FSR1H   0x000fe2       data     extern E:\3.46\pic18-lt\cxx-framework\src\traditional\proc\p18f4550.asm
                   PLUSW1   0x000fe3       data     extern E:\3.46\pic18-lt\cxx-framework\src\traditional\proc\p18f4550.asm
                  PREINC1   0x000fe4       data     extern E:\3.46\pic18-lt\cxx-framework\src\traditional\proc\p18f4550.asm
                 POSTDEC1   0x000fe5       data     extern E:\3.46\pic18-lt\cxx-framework\src\traditional\proc\p18f4550.asm
                 POSTINC1   0x000fe6       data     extern E:\3.46\pic18-lt\cxx-framework\src\traditional\proc\p18f4550.asm
                    INDF1   0x000fe7       data     extern E:\3.46\pic18-lt\cxx-framework\src\traditional\proc\p18f4550.asm
                     WREG   0x000fe8       data     extern E:\3.46\pic18-lt\cxx-framework\src\traditional\proc\p18f4550.asm
                     FSR0   0x000fe9       data     extern E:\3.46\pic18-lt\cxx-framework\src\traditional\proc\p18f4550.asm
                    FSR0L   0x000fe9       data     extern E:\3.46\pic18-lt\cxx-framework\src\traditional\proc\p18f4550.asm
                    FSR0H   0x000fea       data     extern E:\3.46\pic18-lt\cxx-framework\src\traditional\proc\p18f4550.asm
                   PLUSW0   0x000feb       data     extern E:\3.46\pic18-lt\cxx-framework\src\traditional\proc\p18f4550.asm
                  PREINC0   0x000fec       data     extern E:\3.46\pic18-lt\cxx-framework\src\traditional\proc\p18f4550.asm
                 POSTDEC0   0x000fed       data     extern E:\3.46\pic18-lt\cxx-framework\src\traditional\proc\p18f4550.asm
                 POSTINC0   0x000fee       data     extern E:\3.46\pic18-lt\cxx-framework\src\traditional\proc\p18f4550.asm
                    INDF0   0x000fef       data     extern E:\3.46\pic18-lt\cxx-framework\src\traditional\proc\p18f4550.asm
              INTCON3bits   0x000ff0       data     extern E:\3.46\pic18-lt\cxx-framework\src\traditional\proc\p18f4550.asm
                  INTCON3   0x000ff0       data     extern E:\3.46\pic18-lt\cxx-framework\src\traditional\proc\p18f4550.asm
              INTCON2bits   0x000ff1       data     extern E:\3.46\pic18-lt\cxx-framework\src\traditional\proc\p18f4550.asm
                  INTCON2   0x000ff1       data     extern E:\3.46\pic18-lt\cxx-framework\src\traditional\proc\p18f4550.asm
               INTCONbits   0x000ff2       data     extern E:\3.46\pic18-lt\cxx-framework\src\traditional\proc\p18f4550.asm
                   INTCON   0x000ff2       data     extern E:\3.46\pic18-lt\cxx-framework\src\traditional\proc\p18f4550.asm
                     PROD   0x000ff3       data     extern E:\3.46\pic18-lt\cxx-framework\src\traditional\proc\p18f4550.asm
                    PRODL   0x000ff3       data     extern E:\3.46\pic18-lt\cxx-framework\src\traditional\proc\p18f4550.asm
                    PRODH   0x000ff4       data     extern E:\3.46\pic18-lt\cxx-framework\src\traditional\proc\p18f4550.asm
                   TABLAT   0x000ff5       data     extern E:\3.46\pic18-lt\cxx-framework\src\traditional\proc\p18f4550.asm
                   TBLPTR   0x000ff6       data     extern E:\3.46\pic18-lt\cxx-framework\src\traditional\proc\p18f4550.asm
                  TBLPTRL   0x000ff6       data     extern E:\3.46\pic18-lt\cxx-framework\src\traditional\proc\p18f4550.asm
                  TBLPTRH   0x000ff7       data     extern E:\3.46\pic18-lt\cxx-framework\src\traditional\proc\p18f4550.asm
                  TBLPTRU   0x000ff8       data     extern E:\3.46\pic18-lt\cxx-framework\src\traditional\proc\p18f4550.asm
                      PCL   0x000ff9       data     extern E:\3.46\pic18-lt\cxx-framework\src\traditional\proc\p18f4550.asm
                       PC   0x000ff9       data     extern E:\3.46\pic18-lt\cxx-framework\src\traditional\proc\p18f4550.asm
                   PCLATH   0x000ffa       data     extern E:\3.46\pic18-lt\cxx-framework\src\traditional\proc\p18f4550.asm
                   PCLATU   0x000ffb       data     extern E:\3.46\pic18-lt\cxx-framework\src\traditional\proc\p18f4550.asm
                   STKPTR   0x000ffc       data     extern E:\3.46\pic18-lt\cxx-framework\src\traditional\proc\p18f4550.asm
               STKPTRbits   0x000ffc       data     extern E:\3.46\pic18-lt\cxx-framework\src\traditional\proc\p18f4550.asm
                      TOS   0x000ffd       data     extern E:\3.46\pic18-lt\cxx-framework\src\traditional\proc\p18f4550.asm
                     TOSL   0x000ffd       data     extern E:\3.46\pic18-lt\cxx-framework\src\traditional\proc\p18f4550.asm
                     TOSH   0x000ffe       data     extern E:\3.46\pic18-lt\cxx-framework\src\traditional\proc\p18f4550.asm
                     TOSU   0x000fff       data     extern E:\3.46\pic18-lt\cxx-framework\src\traditional\proc\p18f4550.asm


